#
# There is insufficient memory for the Java Runtime Environment to continue.
# Native memory allocation (mmap) failed to map 47185920 bytes. Error detail: G1 virtual space
# Possible reasons:
#   The system is out of physical RAM or swap space
#   This process is running with CompressedOops enabled, and the Java Heap may be blocking the growth of the native heap
# Possible solutions:
#   Reduce memory load on the system
#   Increase physical memory or swap space
#   Check if swap backing store is full
#   Decrease Java heap size (-Xmx/-Xms)
#   Decrease number of Java threads
#   Decrease Java thread stack sizes (-Xss)
#   Set larger code cache with -XX:ReservedCodeCacheSize=
#   JVM is running with Unscaled Compressed Oops mode in which the Java heap is
#     placed in the first 4GB address space. The Java Heap base address is the
#     maximum limit for the native heap growth. Please use -XX:HeapBaseMinAddress
#     to set the Java Heap base and to place the Java Heap above 4GB virtual address.
# This output file may be truncated or incomplete.
#
#  Out of Memory Error (os_windows.cpp:3898), pid=3940, tid=18848
#
# JRE version: OpenJDK Runtime Environment (21.0.6) (build 21.0.6+-13391695-b895.109)
# Java VM: OpenJDK 64-Bit Server VM (21.0.6+-13391695-b895.109, mixed mode, tiered, compressed oops, compressed class ptrs, g1 gc, windows-amd64)
# No core dump will be written. Minidumps are not enabled by default on client versions of Windows
#

---------------  S U M M A R Y ------------

Command Line: org.jetbrains.kotlin.cli.jvm.K2JVMCompiler @C:\Users\past9\OneDrive\Desktop\project\FFF\MemGallery\app\build\20260104_8666051640876712479.compiler.options

Host: Intel(R) Core(TM) i3-8145U CPU @ 2.10GHz, 4 cores, 7G,  Windows 11 , 64 bit Build 26100 (10.0.26100.7019)
Time: Sun Jan  4 17:58:13 2026 South Africa Standard Time elapsed time: 108.357784 seconds (0d 0h 1m 48s)

---------------  T H R E A D  ---------------

Current thread (0x000001b5d20a6600):  VMThread "VM Thread"          [id=18848, stack(0x000000b444900000,0x000000b444a00000) (1024K)]

Stack: [0x000000b444900000,0x000000b444a00000]
Native frames: (J=compiled Java code, j=interpreted, Vv=VM code, C=native code)
V  [jvm.dll+0x6d0639]
V  [jvm.dll+0x85eb03]
V  [jvm.dll+0x86105e]
V  [jvm.dll+0x861743]
V  [jvm.dll+0x27e6e6]
V  [jvm.dll+0x6ccfd5]
V  [jvm.dll+0x6c0a8a]
V  [jvm.dll+0x35537b]
V  [jvm.dll+0x35cfd6]
V  [jvm.dll+0x3aef86]
V  [jvm.dll+0x3af258]
V  [jvm.dll+0x327a2c]
V  [jvm.dll+0x32a436]
V  [jvm.dll+0x33438d]
V  [jvm.dll+0x36ba15]
V  [jvm.dll+0x8674c8]
V  [jvm.dll+0x868844]
V  [jvm.dll+0x868d80]
V  [jvm.dll+0x869013]
V  [jvm.dll+0x806ed8]
V  [jvm.dll+0x6cef0d]
C  [ucrtbase.dll+0x37b0]
C  [KERNEL32.DLL+0x2e8d7]
C  [ntdll.dll+0x8c53c]

VM_Operation (0x000000b4444ff450): G1PauseRemark, mode: safepoint, requested by thread 0x000001b5bb36fca0


---------------  P R O C E S S  ---------------

Threads class SMR info:
_java_thread_list=0x000001b5dad25b20, length=11, elements={
0x000001b5b90128d0, 0x000001b5d22346c0, 0x000001b5d2263390, 0x000001b5d2286c70,
0x000001b5d22876c0, 0x000001b5d2283910, 0x000001b5d2284360, 0x000001b5d22850e0,
0x000001b5d2270880, 0x000001b5d240efa0, 0x000001b5d2411bd0
}

Java Threads: ( => current thread )
  0x000001b5b90128d0 JavaThread "main"                              [_thread_blocked, id=9908, stack(0x000000b444200000,0x000000b444300000) (1024K)]
  0x000001b5d22346c0 JavaThread "Reference Handler"          daemon [_thread_blocked, id=15196, stack(0x000000b444a00000,0x000000b444b00000) (1024K)]
  0x000001b5d2263390 JavaThread "Finalizer"                  daemon [_thread_blocked, id=14920, stack(0x000000b444b00000,0x000000b444c00000) (1024K)]
  0x000001b5d2286c70 JavaThread "Signal Dispatcher"          daemon [_thread_blocked, id=4780, stack(0x000000b444c00000,0x000000b444d00000) (1024K)]
  0x000001b5d22876c0 JavaThread "Attach Listener"            daemon [_thread_blocked, id=20824, stack(0x000000b444d00000,0x000000b444e00000) (1024K)]
  0x000001b5d2283910 JavaThread "Service Thread"             daemon [_thread_blocked, id=16728, stack(0x000000b444e00000,0x000000b444f00000) (1024K)]
  0x000001b5d2284360 JavaThread "Monitor Deflation Thread"   daemon [_thread_blocked, id=14436, stack(0x000000b444f00000,0x000000b445000000) (1024K)]
  0x000001b5d22850e0 JavaThread "C2 CompilerThread0"         daemon [_thread_blocked, id=18212, stack(0x000000b445000000,0x000000b445100000) (1024K)]
  0x000001b5d2270880 JavaThread "C1 CompilerThread0"         daemon [_thread_blocked, id=9372, stack(0x000000b445100000,0x000000b445200000) (1024K)]
  0x000001b5d240efa0 JavaThread "Notification Thread"        daemon [_thread_blocked, id=5364, stack(0x000000b445200000,0x000000b445300000) (1024K)]
  0x000001b5d2411bd0 JavaThread "Common-Cleaner"             daemon [_thread_blocked, id=8676, stack(0x000000b445300000,0x000000b445400000) (1024K)]
Total: 11

Other Threads:
=>0x000001b5d20a6600 VMThread "VM Thread"                           [id=18848, stack(0x000000b444900000,0x000000b444a00000) (1024K)]
  0x000001b5d2037f30 WatcherThread "VM Periodic Task Thread"        [id=7348, stack(0x000000b444800000,0x000000b444900000) (1024K)]
  0x000001b5bb35e930 WorkerThread "GC Thread#0"                     [id=13780, stack(0x000000b444300000,0x000000b444400000) (1024K)]
  0x000001b5d26dce40 WorkerThread "GC Thread#1"                     [id=9072, stack(0x000000b445400000,0x000000b445500000) (1024K)]
  0x000001b5d26dd1e0 WorkerThread "GC Thread#2"                     [id=8476, stack(0x000000b445500000,0x000000b445600000) (1024K)]
  0x000001b5d298ef50 WorkerThread "GC Thread#3"                     [id=13072, stack(0x000000b445600000,0x000000b445700000) (1024K)]
  0x000001b5bb36fca0 ConcurrentGCThread "G1 Main Marker"            [id=2588, stack(0x000000b444400000,0x000000b444500000) (1024K)]
  0x000001b5bb3707a0 WorkerThread "G1 Conc#0"                       [id=2896, stack(0x000000b444500000,0x000000b444600000) (1024K)]
  0x000001b5d1f09100 ConcurrentGCThread "G1 Refine#0"               [id=13668, stack(0x000000b444600000,0x000000b444700000) (1024K)]
  0x000001b5d1f0a9c0 ConcurrentGCThread "G1 Service"                [id=17304, stack(0x000000b444700000,0x000000b444800000) (1024K)]
Total: 10

Threads with active compile tasks:
Total: 0

VM state: at safepoint (normal execution)

VM Mutex/Monitor currently owned by a thread:  ([mutex/lock_event])
[0x00007ffb6338e3a0] Threads_lock - owner thread: 0x000001b5d20a6600
[0x00007ffb6338e4a0] Heap_lock - owner thread: 0x000001b5bb36fca0

Heap address: 0x0000000082400000, size: 2012 MB, Compressed Oops mode: 32-bit

CDS archive(s) not mapped
Compressed class space mapped at: 0x0000000100000000-0x0000000140000000, reserved size: 1073741824
Narrow klass base: 0x0000000000000000, Narrow klass shift: 3, Narrow klass range: 0x140000000

GC Precious Log:
 CardTable entry size: 512
 Card Set container configuration: InlinePtr #cards 5 size 8 Array Of Cards #cards 12 size 40 Howl #buckets 4 coarsen threshold 1843 Howl Bitmap #cards 512 size 80 coarsen threshold 460 Card regions per heap region 1 cards per card region 2048
 CPUs: 4 total, 4 available
 Memory: 8043M
 Large Page Support: Disabled
 NUMA Support: Disabled
 Compressed Oops: Enabled (32-bit)
 Heap Region Size: 1M
 Heap Min Capacity: 8M
 Heap Initial Capacity: 126M
 Heap Max Capacity: 2012M
 Pre-touch: Disabled
 Parallel Workers: 4
 Concurrent Workers: 1
 Concurrent Refinement Workers: 4
 Periodic GC: Disabled

Heap:
 garbage-first heap   total 365568K, used 248832K [0x0000000082400000, 0x0000000100000000)
  region size 1024K, 17 young (17408K), 14 survivors (14336K)
 Metaspace       used 76785K, committed 77184K, reserved 1179648K
  class space    used 7908K, committed 8064K, reserved 1048576K

Heap Regions: E=young(eden), S=young(survivor), O=old, HS=humongous(starts), HC=humongous(continues), CS=collection set, F=free, TAMS=top-at-mark-start, PB=parsable bottom
|   0|0x0000000082400000, 0x0000000082500000, 0x0000000082500000|100%|HS|  |TAMS 0x0000000082500000| PB 0x0000000082400000| Complete 
|   1|0x0000000082500000, 0x0000000082600000, 0x0000000082600000|100%|HC|  |TAMS 0x0000000082600000| PB 0x0000000082500000| Complete 
|   2|0x0000000082600000, 0x0000000082700000, 0x0000000082700000|100%|HC|  |TAMS 0x0000000082700000| PB 0x0000000082600000| Complete 
|   3|0x0000000082700000, 0x0000000082800000, 0x0000000082800000|100%| O|  |TAMS 0x0000000082800000| PB 0x0000000082800000| Untracked 
|   4|0x0000000082800000, 0x0000000082900000, 0x0000000082900000|100%| O|  |TAMS 0x0000000082900000| PB 0x0000000082900000| Untracked 
|   5|0x0000000082900000, 0x0000000082a00000, 0x0000000082a00000|100%| O|  |TAMS 0x0000000082a00000| PB 0x0000000082a00000| Untracked 
|   6|0x0000000082a00000, 0x0000000082b00000, 0x0000000082b00000|100%| O|  |TAMS 0x0000000082b00000| PB 0x0000000082b00000| Untracked 
|   7|0x0000000082b00000, 0x0000000082c00000, 0x0000000082c00000|100%| O|  |TAMS 0x0000000082c00000| PB 0x0000000082c00000| Untracked 
|   8|0x0000000082c00000, 0x0000000082d00000, 0x0000000082d00000|100%| O|  |TAMS 0x0000000082d00000| PB 0x0000000082d00000| Untracked 
|   9|0x0000000082d00000, 0x0000000082e00000, 0x0000000082e00000|100%| O|  |TAMS 0x0000000082e00000| PB 0x0000000082e00000| Untracked 
|  10|0x0000000082e00000, 0x0000000082f00000, 0x0000000082f00000|100%| O|  |TAMS 0x0000000082f00000| PB 0x0000000082f00000| Untracked 
|  11|0x0000000082f00000, 0x0000000083000000, 0x0000000083000000|100%| O|  |TAMS 0x0000000083000000| PB 0x0000000083000000| Untracked 
|  12|0x0000000083000000, 0x0000000083100000, 0x0000000083100000|100%| O|  |TAMS 0x0000000083100000| PB 0x0000000083100000| Untracked 
|  13|0x0000000083100000, 0x0000000083200000, 0x0000000083200000|100%| O|  |TAMS 0x0000000083200000| PB 0x0000000083200000| Untracked 
|  14|0x0000000083200000, 0x0000000083300000, 0x0000000083300000|100%| O|  |TAMS 0x0000000083300000| PB 0x0000000083300000| Untracked 
|  15|0x0000000083300000, 0x0000000083400000, 0x0000000083400000|100%| O|  |TAMS 0x0000000083400000| PB 0x0000000083400000| Updating 
|  16|0x0000000083400000, 0x0000000083500000, 0x0000000083500000|100%| O|  |TAMS 0x0000000083500000| PB 0x0000000083500000| Untracked 
|  17|0x0000000083500000, 0x0000000083600000, 0x0000000083600000|100%| O|  |TAMS 0x0000000083600000| PB 0x0000000083600000| Untracked 
|  18|0x0000000083600000, 0x0000000083700000, 0x0000000083700000|100%| O|  |TAMS 0x0000000083700000| PB 0x0000000083700000| Untracked 
|  19|0x0000000083700000, 0x0000000083800000, 0x0000000083800000|100%| O|  |TAMS 0x0000000083800000| PB 0x0000000083800000| Updating 
|  20|0x0000000083800000, 0x0000000083900000, 0x0000000083900000|100%| O|  |TAMS 0x0000000083900000| PB 0x0000000083900000| Untracked 
|  21|0x0000000083900000, 0x0000000083a00000, 0x0000000083a00000|100%| O|  |TAMS 0x0000000083a00000| PB 0x0000000083a00000| Updating 
|  22|0x0000000083a00000, 0x0000000083b00000, 0x0000000083b00000|100%| O|  |TAMS 0x0000000083b00000| PB 0x0000000083b00000| Untracked 
|  23|0x0000000083b00000, 0x0000000083c00000, 0x0000000083c00000|100%| O|  |TAMS 0x0000000083c00000| PB 0x0000000083c00000| Untracked 
|  24|0x0000000083c00000, 0x0000000083d00000, 0x0000000083d00000|100%| O|  |TAMS 0x0000000083d00000| PB 0x0000000083d00000| Updating 
|  25|0x0000000083d00000, 0x0000000083e00000, 0x0000000083e00000|100%| O|  |TAMS 0x0000000083e00000| PB 0x0000000083e00000| Untracked 
|  26|0x0000000083e00000, 0x0000000083f00000, 0x0000000083f00000|100%| O|  |TAMS 0x0000000083f00000| PB 0x0000000083f00000| Untracked 
|  27|0x0000000083f00000, 0x0000000084000000, 0x0000000084000000|100%| O|  |TAMS 0x0000000084000000| PB 0x0000000084000000| Untracked 
|  28|0x0000000084000000, 0x0000000084100000, 0x0000000084100000|100%| O|  |TAMS 0x0000000084100000| PB 0x0000000084100000| Untracked 
|  29|0x0000000084100000, 0x0000000084200000, 0x0000000084200000|100%| O|  |TAMS 0x0000000084200000| PB 0x0000000084200000| Untracked 
|  30|0x0000000084200000, 0x0000000084300000, 0x0000000084300000|100%| O|  |TAMS 0x0000000084300000| PB 0x0000000084300000| Updating 
|  31|0x0000000084300000, 0x0000000084400000, 0x0000000084400000|100%| O|  |TAMS 0x0000000084400000| PB 0x0000000084400000| Untracked 
|  32|0x0000000084400000, 0x0000000084500000, 0x0000000084500000|100%| O|  |TAMS 0x0000000084500000| PB 0x0000000084500000| Untracked 
|  33|0x0000000084500000, 0x0000000084600000, 0x0000000084600000|100%| O|  |TAMS 0x0000000084600000| PB 0x0000000084600000| Untracked 
|  34|0x0000000084600000, 0x0000000084700000, 0x0000000084700000|100%| O|  |TAMS 0x0000000084700000| PB 0x0000000084700000| Untracked 
|  35|0x0000000084700000, 0x0000000084800000, 0x0000000084800000|100%| O|  |TAMS 0x0000000084800000| PB 0x0000000084800000| Untracked 
|  36|0x0000000084800000, 0x0000000084900000, 0x0000000084900000|100%| O|  |TAMS 0x0000000084900000| PB 0x0000000084900000| Untracked 
|  37|0x0000000084900000, 0x0000000084a00000, 0x0000000084a00000|100%| O|  |TAMS 0x0000000084a00000| PB 0x0000000084a00000| Untracked 
|  38|0x0000000084a00000, 0x0000000084b00000, 0x0000000084b00000|100%| O|  |TAMS 0x0000000084b00000| PB 0x0000000084b00000| Untracked 
|  39|0x0000000084b00000, 0x0000000084c00000, 0x0000000084c00000|100%| O|  |TAMS 0x0000000084c00000| PB 0x0000000084c00000| Untracked 
|  40|0x0000000084c00000, 0x0000000084d00000, 0x0000000084d00000|100%| O|  |TAMS 0x0000000084d00000| PB 0x0000000084d00000| Updating 
|  41|0x0000000084d00000, 0x0000000084e00000, 0x0000000084e00000|100%| O|  |TAMS 0x0000000084e00000| PB 0x0000000084e00000| Updating 
|  42|0x0000000084e00000, 0x0000000084f00000, 0x0000000084f00000|100%| O|  |TAMS 0x0000000084f00000| PB 0x0000000084f00000| Untracked 
|  43|0x0000000084f00000, 0x0000000085000000, 0x0000000085000000|100%| O|  |TAMS 0x0000000085000000| PB 0x0000000085000000| Updating 
|  44|0x0000000085000000, 0x0000000085100000, 0x0000000085100000|100%| O|  |TAMS 0x0000000085100000| PB 0x0000000085100000| Updating 
|  45|0x0000000085100000, 0x0000000085200000, 0x0000000085200000|100%| O|  |TAMS 0x0000000085200000| PB 0x0000000085200000| Updating 
|  46|0x0000000085200000, 0x0000000085300000, 0x0000000085300000|100%| O|  |TAMS 0x0000000085300000| PB 0x0000000085300000| Untracked 
|  47|0x0000000085300000, 0x0000000085400000, 0x0000000085400000|100%| O|  |TAMS 0x0000000085400000| PB 0x0000000085400000| Untracked 
|  48|0x0000000085400000, 0x0000000085500000, 0x0000000085500000|100%| O|  |TAMS 0x0000000085500000| PB 0x0000000085500000| Untracked 
|  49|0x0000000085500000, 0x0000000085600000, 0x0000000085600000|100%| O|  |TAMS 0x0000000085600000| PB 0x0000000085600000| Untracked 
|  50|0x0000000085600000, 0x0000000085700000, 0x0000000085700000|100%| O|  |TAMS 0x0000000085700000| PB 0x0000000085700000| Updating 
|  51|0x0000000085700000, 0x0000000085800000, 0x0000000085800000|100%| O|  |TAMS 0x0000000085800000| PB 0x0000000085800000| Untracked 
|  52|0x0000000085800000, 0x0000000085900000, 0x0000000085900000|100%| O|  |TAMS 0x0000000085900000| PB 0x0000000085900000| Untracked 
|  53|0x0000000085900000, 0x0000000085a00000, 0x0000000085a00000|100%| O|  |TAMS 0x0000000085a00000| PB 0x0000000085a00000| Untracked 
|  54|0x0000000085a00000, 0x0000000085b00000, 0x0000000085b00000|100%| O|  |TAMS 0x0000000085b00000| PB 0x0000000085b00000| Untracked 
|  55|0x0000000085b00000, 0x0000000085c00000, 0x0000000085c00000|100%| O|  |TAMS 0x0000000085c00000| PB 0x0000000085c00000| Untracked 
|  56|0x0000000085c00000, 0x0000000085d00000, 0x0000000085d00000|100%| O|  |TAMS 0x0000000085d00000| PB 0x0000000085d00000| Untracked 
|  57|0x0000000085d00000, 0x0000000085e00000, 0x0000000085e00000|100%| O|  |TAMS 0x0000000085e00000| PB 0x0000000085e00000| Untracked 
|  58|0x0000000085e00000, 0x0000000085f00000, 0x0000000085f00000|100%| O|  |TAMS 0x0000000085f00000| PB 0x0000000085f00000| Untracked 
|  59|0x0000000085f00000, 0x0000000086000000, 0x0000000086000000|100%| O|  |TAMS 0x0000000086000000| PB 0x0000000086000000| Untracked 
|  60|0x0000000086000000, 0x0000000086100000, 0x0000000086100000|100%| O|  |TAMS 0x0000000086100000| PB 0x0000000086100000| Untracked 
|  61|0x0000000086100000, 0x0000000086200000, 0x0000000086200000|100%| O|  |TAMS 0x0000000086200000| PB 0x0000000086200000| Untracked 
|  62|0x0000000086200000, 0x0000000086300000, 0x0000000086300000|100%| O|  |TAMS 0x0000000086300000| PB 0x0000000086300000| Untracked 
|  63|0x0000000086300000, 0x0000000086400000, 0x0000000086400000|100%| O|  |TAMS 0x0000000086400000| PB 0x0000000086400000| Untracked 
|  64|0x0000000086400000, 0x0000000086500000, 0x0000000086500000|100%| O|  |TAMS 0x0000000086500000| PB 0x0000000086500000| Updating 
|  65|0x0000000086500000, 0x0000000086600000, 0x0000000086600000|100%| O|  |TAMS 0x0000000086600000| PB 0x0000000086600000| Untracked 
|  66|0x0000000086600000, 0x0000000086700000, 0x0000000086700000|100%| O|  |TAMS 0x0000000086700000| PB 0x0000000086700000| Updating 
|  67|0x0000000086700000, 0x0000000086800000, 0x0000000086800000|100%| O|  |TAMS 0x0000000086800000| PB 0x0000000086800000| Untracked 
|  68|0x0000000086800000, 0x0000000086900000, 0x0000000086900000|100%| O|  |TAMS 0x0000000086900000| PB 0x0000000086900000| Untracked 
|  69|0x0000000086900000, 0x0000000086a00000, 0x0000000086a00000|100%| O|  |TAMS 0x0000000086a00000| PB 0x0000000086a00000| Untracked 
|  70|0x0000000086a00000, 0x0000000086b00000, 0x0000000086b00000|100%| O|  |TAMS 0x0000000086b00000| PB 0x0000000086b00000| Updating 
|  71|0x0000000086b00000, 0x0000000086c00000, 0x0000000086c00000|100%| O|  |TAMS 0x0000000086c00000| PB 0x0000000086c00000| Untracked 
|  72|0x0000000086c00000, 0x0000000086d00000, 0x0000000086d00000|100%| O|  |TAMS 0x0000000086d00000| PB 0x0000000086d00000| Updating 
|  73|0x0000000086d00000, 0x0000000086e00000, 0x0000000086e00000|100%| O|  |TAMS 0x0000000086e00000| PB 0x0000000086e00000| Untracked 
|  74|0x0000000086e00000, 0x0000000086f00000, 0x0000000086f00000|100%| O|  |TAMS 0x0000000086f00000| PB 0x0000000086f00000| Untracked 
|  75|0x0000000086f00000, 0x0000000087000000, 0x0000000087000000|100%| O|  |TAMS 0x0000000087000000| PB 0x0000000087000000| Untracked 
|  76|0x0000000087000000, 0x0000000087100000, 0x0000000087100000|100%| O|  |TAMS 0x0000000087100000| PB 0x0000000087100000| Untracked 
|  77|0x0000000087100000, 0x0000000087200000, 0x0000000087200000|100%| O|  |TAMS 0x0000000087200000| PB 0x0000000087200000| Untracked 
|  78|0x0000000087200000, 0x0000000087300000, 0x0000000087300000|100%| O|  |TAMS 0x0000000087300000| PB 0x0000000087300000| Untracked 
|  79|0x0000000087300000, 0x0000000087400000, 0x0000000087400000|100%| O|  |TAMS 0x0000000087400000| PB 0x0000000087400000| Untracked 
|  80|0x0000000087400000, 0x0000000087500000, 0x0000000087500000|100%| O|  |TAMS 0x0000000087500000| PB 0x0000000087500000| Untracked 
|  81|0x0000000087500000, 0x0000000087600000, 0x0000000087600000|100%| O|  |TAMS 0x0000000087600000| PB 0x0000000087600000| Untracked 
|  82|0x0000000087600000, 0x0000000087700000, 0x0000000087700000|100%| O|  |TAMS 0x0000000087700000| PB 0x0000000087700000| Untracked 
|  83|0x0000000087700000, 0x0000000087800000, 0x0000000087800000|100%| O|  |TAMS 0x0000000087800000| PB 0x0000000087800000| Untracked 
|  84|0x0000000087800000, 0x0000000087900000, 0x0000000087900000|100%| O|  |TAMS 0x0000000087800000| PB 0x0000000087800000| Untracked 
|  85|0x0000000087900000, 0x0000000087a00000, 0x0000000087a00000|100%| O|  |TAMS 0x0000000087a00000| PB 0x0000000087a00000| Untracked 
|  86|0x0000000087a00000, 0x0000000087b00000, 0x0000000087b00000|100%| O|  |TAMS 0x0000000087b00000| PB 0x0000000087b00000| Untracked 
|  87|0x0000000087b00000, 0x0000000087c00000, 0x0000000087c00000|100%| O|  |TAMS 0x0000000087c00000| PB 0x0000000087c00000| Untracked 
|  88|0x0000000087c00000, 0x0000000087d00000, 0x0000000087d00000|100%| O|  |TAMS 0x0000000087d00000| PB 0x0000000087d00000| Untracked 
|  89|0x0000000087d00000, 0x0000000087e00000, 0x0000000087e00000|100%| O|  |TAMS 0x0000000087e00000| PB 0x0000000087e00000| Updating 
|  90|0x0000000087e00000, 0x0000000087f00000, 0x0000000087f00000|100%| O|  |TAMS 0x0000000087f00000| PB 0x0000000087f00000| Updating 
|  91|0x0000000087f00000, 0x0000000088000000, 0x0000000088000000|100%| O|  |TAMS 0x0000000088000000| PB 0x0000000088000000| Untracked 
|  92|0x0000000088000000, 0x0000000088100000, 0x0000000088100000|100%| O|  |TAMS 0x0000000088100000| PB 0x0000000088100000| Untracked 
|  93|0x0000000088100000, 0x0000000088200000, 0x0000000088200000|100%| O|  |TAMS 0x0000000088200000| PB 0x0000000088200000| Untracked 
|  94|0x0000000088200000, 0x0000000088300000, 0x0000000088300000|100%| O|  |TAMS 0x0000000088300000| PB 0x0000000088300000| Untracked 
|  95|0x0000000088300000, 0x0000000088400000, 0x0000000088400000|100%| O|  |TAMS 0x0000000088400000| PB 0x0000000088400000| Untracked 
|  96|0x0000000088400000, 0x0000000088500000, 0x0000000088500000|100%| O|  |TAMS 0x0000000088500000| PB 0x0000000088500000| Untracked 
|  97|0x0000000088500000, 0x0000000088600000, 0x0000000088600000|100%| O|  |TAMS 0x0000000088600000| PB 0x0000000088600000| Untracked 
|  98|0x0000000088600000, 0x0000000088700000, 0x0000000088700000|100%| O|  |TAMS 0x0000000088700000| PB 0x0000000088700000| Untracked 
|  99|0x0000000088700000, 0x0000000088800000, 0x0000000088800000|100%| O|  |TAMS 0x0000000088800000| PB 0x0000000088800000| Untracked 
| 100|0x0000000088800000, 0x0000000088900000, 0x0000000088900000|100%| O|  |TAMS 0x0000000088900000| PB 0x0000000088900000| Untracked 
| 101|0x0000000088900000, 0x0000000088a00000, 0x0000000088a00000|100%| O|  |TAMS 0x0000000088a00000| PB 0x0000000088a00000| Untracked 
| 102|0x0000000088a00000, 0x0000000088b00000, 0x0000000088b00000|100%| O|  |TAMS 0x0000000088b00000| PB 0x0000000088b00000| Updating 
| 103|0x0000000088b00000, 0x0000000088c00000, 0x0000000088c00000|100%| O|  |TAMS 0x0000000088c00000| PB 0x0000000088c00000| Untracked 
| 104|0x0000000088c00000, 0x0000000088d00000, 0x0000000088d00000|100%| O|  |TAMS 0x0000000088d00000| PB 0x0000000088d00000| Untracked 
| 105|0x0000000088d00000, 0x0000000088e00000, 0x0000000088e00000|100%| O|  |TAMS 0x0000000088e00000| PB 0x0000000088e00000| Updating 
| 106|0x0000000088e00000, 0x0000000088f00000, 0x0000000088f00000|100%| O|  |TAMS 0x0000000088f00000| PB 0x0000000088f00000| Untracked 
| 107|0x0000000088f00000, 0x0000000089000000, 0x0000000089000000|100%| O|  |TAMS 0x0000000089000000| PB 0x0000000089000000| Untracked 
| 108|0x0000000089000000, 0x0000000089100000, 0x0000000089100000|100%| O|  |TAMS 0x0000000089100000| PB 0x0000000089100000| Untracked 
| 109|0x0000000089100000, 0x0000000089200000, 0x0000000089200000|100%| O|  |TAMS 0x0000000089200000| PB 0x0000000089200000| Untracked 
| 110|0x0000000089200000, 0x0000000089300000, 0x0000000089300000|100%| O|  |TAMS 0x0000000089300000| PB 0x0000000089300000| Untracked 
| 111|0x0000000089300000, 0x0000000089400000, 0x0000000089400000|100%| O|  |TAMS 0x0000000089400000| PB 0x0000000089400000| Untracked 
| 112|0x0000000089400000, 0x0000000089500000, 0x0000000089500000|100%| O|  |TAMS 0x0000000089500000| PB 0x0000000089500000| Updating 
| 113|0x0000000089500000, 0x0000000089600000, 0x0000000089600000|100%| O|  |TAMS 0x0000000089600000| PB 0x0000000089600000| Untracked 
| 114|0x0000000089600000, 0x0000000089700000, 0x0000000089700000|100%| O|  |TAMS 0x0000000089700000| PB 0x0000000089700000| Untracked 
| 115|0x0000000089700000, 0x0000000089800000, 0x0000000089800000|100%| O|  |TAMS 0x0000000089800000| PB 0x0000000089800000| Updating 
| 116|0x0000000089800000, 0x0000000089900000, 0x0000000089900000|100%| O|  |TAMS 0x0000000089900000| PB 0x0000000089900000| Updating 
| 117|0x0000000089900000, 0x0000000089a00000, 0x0000000089a00000|100%| O|  |TAMS 0x0000000089a00000| PB 0x0000000089a00000| Updating 
| 118|0x0000000089a00000, 0x0000000089b00000, 0x0000000089b00000|100%| O|  |TAMS 0x0000000089b00000| PB 0x0000000089b00000| Untracked 
| 119|0x0000000089b00000, 0x0000000089c00000, 0x0000000089c00000|100%| O|  |TAMS 0x0000000089c00000| PB 0x0000000089c00000| Untracked 
| 120|0x0000000089c00000, 0x0000000089d00000, 0x0000000089d00000|100%| O|  |TAMS 0x0000000089d00000| PB 0x0000000089d00000| Untracked 
| 121|0x0000000089d00000, 0x0000000089e00000, 0x0000000089e00000|100%| O|  |TAMS 0x0000000089e00000| PB 0x0000000089e00000| Untracked 
| 122|0x0000000089e00000, 0x0000000089f00000, 0x0000000089f00000|100%| O|  |TAMS 0x0000000089f00000| PB 0x0000000089f00000| Untracked 
| 123|0x0000000089f00000, 0x000000008a000000, 0x000000008a000000|100%| O|  |TAMS 0x000000008a000000| PB 0x000000008a000000| Updating 
| 124|0x000000008a000000, 0x000000008a100000, 0x000000008a100000|100%| O|  |TAMS 0x000000008a100000| PB 0x000000008a100000| Untracked 
| 125|0x000000008a100000, 0x000000008a200000, 0x000000008a200000|100%| O|  |TAMS 0x000000008a200000| PB 0x000000008a200000| Untracked 
| 126|0x000000008a200000, 0x000000008a300000, 0x000000008a300000|100%| O|  |TAMS 0x000000008a300000| PB 0x000000008a300000| Untracked 
| 127|0x000000008a300000, 0x000000008a400000, 0x000000008a400000|100%| O|  |TAMS 0x000000008a400000| PB 0x000000008a400000| Untracked 
| 128|0x000000008a400000, 0x000000008a500000, 0x000000008a500000|100%| O|  |TAMS 0x000000008a500000| PB 0x000000008a500000| Untracked 
| 129|0x000000008a500000, 0x000000008a600000, 0x000000008a600000|100%| O|  |TAMS 0x000000008a600000| PB 0x000000008a600000| Untracked 
| 130|0x000000008a600000, 0x000000008a700000, 0x000000008a700000|100%| O|  |TAMS 0x000000008a700000| PB 0x000000008a700000| Updating 
| 131|0x000000008a700000, 0x000000008a800000, 0x000000008a800000|100%| O|  |TAMS 0x000000008a800000| PB 0x000000008a800000| Untracked 
| 132|0x000000008a800000, 0x000000008a900000, 0x000000008a900000|100%| O|  |TAMS 0x000000008a900000| PB 0x000000008a900000| Untracked 
| 133|0x000000008a900000, 0x000000008aa00000, 0x000000008aa00000|100%| O|  |TAMS 0x000000008aa00000| PB 0x000000008aa00000| Untracked 
| 134|0x000000008aa00000, 0x000000008ab00000, 0x000000008ab00000|100%| O|  |TAMS 0x000000008ab00000| PB 0x000000008ab00000| Untracked 
| 135|0x000000008ab00000, 0x000000008ac00000, 0x000000008ac00000|100%| O|  |TAMS 0x000000008ac00000| PB 0x000000008ac00000| Untracked 
| 136|0x000000008ac00000, 0x000000008ad00000, 0x000000008ad00000|100%| O|  |TAMS 0x000000008ad00000| PB 0x000000008ad00000| Untracked 
| 137|0x000000008ad00000, 0x000000008ae00000, 0x000000008ae00000|100%| O|  |TAMS 0x000000008ae00000| PB 0x000000008ae00000| Untracked 
| 138|0x000000008ae00000, 0x000000008af00000, 0x000000008af00000|100%| O|  |TAMS 0x000000008af00000| PB 0x000000008af00000| Untracked 
| 139|0x000000008af00000, 0x000000008b000000, 0x000000008b000000|100%| O|  |TAMS 0x000000008b000000| PB 0x000000008b000000| Untracked 
| 140|0x000000008b000000, 0x000000008b100000, 0x000000008b100000|100%| O|  |TAMS 0x000000008b100000| PB 0x000000008b100000| Untracked 
| 141|0x000000008b100000, 0x000000008b200000, 0x000000008b200000|100%| O|  |TAMS 0x000000008b200000| PB 0x000000008b200000| Updating 
| 142|0x000000008b200000, 0x000000008b300000, 0x000000008b300000|100%| O|  |TAMS 0x000000008b300000| PB 0x000000008b300000| Untracked 
| 143|0x000000008b300000, 0x000000008b400000, 0x000000008b400000|100%| O|  |TAMS 0x000000008b400000| PB 0x000000008b400000| Untracked 
| 144|0x000000008b400000, 0x000000008b500000, 0x000000008b500000|100%| O|  |TAMS 0x000000008b500000| PB 0x000000008b500000| Untracked 
| 145|0x000000008b500000, 0x000000008b600000, 0x000000008b600000|100%| O|  |TAMS 0x000000008b600000| PB 0x000000008b600000| Untracked 
| 146|0x000000008b600000, 0x000000008b700000, 0x000000008b700000|100%| O|  |TAMS 0x000000008b700000| PB 0x000000008b700000| Untracked 
| 147|0x000000008b700000, 0x000000008b800000, 0x000000008b800000|100%| O|  |TAMS 0x000000008b800000| PB 0x000000008b800000| Updating 
| 148|0x000000008b800000, 0x000000008b900000, 0x000000008b900000|100%| O|  |TAMS 0x000000008b900000| PB 0x000000008b900000| Untracked 
| 149|0x000000008b900000, 0x000000008ba00000, 0x000000008ba00000|100%| O|  |TAMS 0x000000008ba00000| PB 0x000000008ba00000| Untracked 
| 150|0x000000008ba00000, 0x000000008bb00000, 0x000000008bb00000|100%| O|  |TAMS 0x000000008bb00000| PB 0x000000008bb00000| Untracked 
| 151|0x000000008bb00000, 0x000000008bc00000, 0x000000008bc00000|100%| O|  |TAMS 0x000000008bc00000| PB 0x000000008bc00000| Untracked 
| 152|0x000000008bc00000, 0x000000008bd00000, 0x000000008bd00000|100%| O|  |TAMS 0x000000008bd00000| PB 0x000000008bd00000| Untracked 
| 153|0x000000008bd00000, 0x000000008be00000, 0x000000008be00000|100%| O|  |TAMS 0x000000008be00000| PB 0x000000008be00000| Untracked 
| 154|0x000000008be00000, 0x000000008bf00000, 0x000000008bf00000|100%| O|  |TAMS 0x000000008bf00000| PB 0x000000008bf00000| Untracked 
| 155|0x000000008bf00000, 0x000000008c000000, 0x000000008c000000|100%| O|  |TAMS 0x000000008c000000| PB 0x000000008c000000| Untracked 
| 156|0x000000008c000000, 0x000000008c100000, 0x000000008c100000|100%| O|  |TAMS 0x000000008c100000| PB 0x000000008c100000| Untracked 
| 157|0x000000008c100000, 0x000000008c200000, 0x000000008c200000|100%| O|  |TAMS 0x000000008c200000| PB 0x000000008c200000| Untracked 
| 158|0x000000008c200000, 0x000000008c300000, 0x000000008c300000|100%| O|  |TAMS 0x000000008c300000| PB 0x000000008c300000| Untracked 
| 159|0x000000008c300000, 0x000000008c400000, 0x000000008c400000|100%| O|  |TAMS 0x000000008c400000| PB 0x000000008c400000| Untracked 
| 160|0x000000008c400000, 0x000000008c500000, 0x000000008c500000|100%| O|  |TAMS 0x000000008c500000| PB 0x000000008c500000| Untracked 
| 161|0x000000008c500000, 0x000000008c600000, 0x000000008c600000|100%| O|  |TAMS 0x000000008c600000| PB 0x000000008c600000| Untracked 
| 162|0x000000008c600000, 0x000000008c700000, 0x000000008c700000|100%| O|  |TAMS 0x000000008c700000| PB 0x000000008c700000| Untracked 
| 163|0x000000008c700000, 0x000000008c800000, 0x000000008c800000|100%| O|  |TAMS 0x000000008c800000| PB 0x000000008c800000| Untracked 
| 164|0x000000008c800000, 0x000000008c900000, 0x000000008c900000|100%| O|  |TAMS 0x000000008c900000| PB 0x000000008c900000| Untracked 
| 165|0x000000008c900000, 0x000000008ca00000, 0x000000008ca00000|100%| O|  |TAMS 0x000000008ca00000| PB 0x000000008ca00000| Untracked 
| 166|0x000000008ca00000, 0x000000008cb00000, 0x000000008cb00000|100%| O|  |TAMS 0x000000008cb00000| PB 0x000000008cb00000| Untracked 
| 167|0x000000008cb00000, 0x000000008cc00000, 0x000000008cc00000|100%| O|  |TAMS 0x000000008cc00000| PB 0x000000008cc00000| Untracked 
| 168|0x000000008cc00000, 0x000000008cd00000, 0x000000008cd00000|100%| O|  |TAMS 0x000000008cd00000| PB 0x000000008cd00000| Untracked 
| 169|0x000000008cd00000, 0x000000008ce00000, 0x000000008ce00000|100%| O|  |TAMS 0x000000008ce00000| PB 0x000000008ce00000| Untracked 
| 170|0x000000008ce00000, 0x000000008cf00000, 0x000000008cf00000|100%| O|  |TAMS 0x000000008cf00000| PB 0x000000008cf00000| Untracked 
| 171|0x000000008cf00000, 0x000000008d000000, 0x000000008d000000|100%| O|  |TAMS 0x000000008d000000| PB 0x000000008d000000| Untracked 
| 172|0x000000008d000000, 0x000000008d100000, 0x000000008d100000|100%| O|  |TAMS 0x000000008d100000| PB 0x000000008d100000| Untracked 
| 173|0x000000008d100000, 0x000000008d200000, 0x000000008d200000|100%| O|  |TAMS 0x000000008d200000| PB 0x000000008d200000| Untracked 
| 174|0x000000008d200000, 0x000000008d300000, 0x000000008d300000|100%| O|  |TAMS 0x000000008d300000| PB 0x000000008d300000| Untracked 
| 175|0x000000008d300000, 0x000000008d400000, 0x000000008d400000|100%| O|  |TAMS 0x000000008d400000| PB 0x000000008d400000| Untracked 
| 176|0x000000008d400000, 0x000000008d500000, 0x000000008d500000|100%| O|  |TAMS 0x000000008d500000| PB 0x000000008d500000| Untracked 
| 177|0x000000008d500000, 0x000000008d600000, 0x000000008d600000|100%| O|  |TAMS 0x000000008d600000| PB 0x000000008d600000| Untracked 
| 178|0x000000008d600000, 0x000000008d700000, 0x000000008d700000|100%| O|  |TAMS 0x000000008d700000| PB 0x000000008d700000| Untracked 
| 179|0x000000008d700000, 0x000000008d800000, 0x000000008d800000|100%| O|  |TAMS 0x000000008d800000| PB 0x000000008d800000| Untracked 
| 180|0x000000008d800000, 0x000000008d900000, 0x000000008d900000|100%| O|  |TAMS 0x000000008d900000| PB 0x000000008d900000| Untracked 
| 181|0x000000008d900000, 0x000000008da00000, 0x000000008da00000|100%| O|  |TAMS 0x000000008da00000| PB 0x000000008da00000| Untracked 
| 182|0x000000008da00000, 0x000000008db00000, 0x000000008db00000|100%| O|  |TAMS 0x000000008db00000| PB 0x000000008db00000| Untracked 
| 183|0x000000008db00000, 0x000000008dc00000, 0x000000008dc00000|100%| O|  |TAMS 0x000000008dc00000| PB 0x000000008dc00000| Untracked 
| 184|0x000000008dc00000, 0x000000008dd00000, 0x000000008dd00000|100%| O|  |TAMS 0x000000008dd00000| PB 0x000000008dd00000| Updating 
| 185|0x000000008dd00000, 0x000000008de00000, 0x000000008de00000|100%| O|  |TAMS 0x000000008dd00000| PB 0x000000008dd00000| Untracked 
| 186|0x000000008de00000, 0x000000008df00000, 0x000000008df00000|100%| O|  |TAMS 0x000000008df00000| PB 0x000000008df00000| Untracked 
| 187|0x000000008df00000, 0x000000008e000000, 0x000000008e000000|100%| O|  |TAMS 0x000000008e000000| PB 0x000000008e000000| Untracked 
| 188|0x000000008e000000, 0x000000008e100000, 0x000000008e100000|100%| O|  |TAMS 0x000000008e100000| PB 0x000000008e100000| Untracked 
| 189|0x000000008e100000, 0x000000008e200000, 0x000000008e200000|100%| O|  |TAMS 0x000000008e200000| PB 0x000000008e200000| Untracked 
| 190|0x000000008e200000, 0x000000008e300000, 0x000000008e300000|100%| O|  |TAMS 0x000000008e200000| PB 0x000000008e200000| Untracked 
| 191|0x000000008e300000, 0x000000008e400000, 0x000000008e400000|100%| O|  |TAMS 0x000000008e400000| PB 0x000000008e400000| Updating 
| 192|0x000000008e400000, 0x000000008e500000, 0x000000008e500000|100%| O|  |TAMS 0x000000008e500000| PB 0x000000008e500000| Updating 
| 193|0x000000008e500000, 0x000000008e600000, 0x000000008e600000|100%| O|  |TAMS 0x000000008e500000| PB 0x000000008e500000| Untracked 
| 194|0x000000008e600000, 0x000000008e700000, 0x000000008e700000|100%| O|  |TAMS 0x000000008e700000| PB 0x000000008e700000| Untracked 
| 195|0x000000008e700000, 0x000000008e800000, 0x000000008e800000|100%| O|  |TAMS 0x000000008e800000| PB 0x000000008e800000| Untracked 
| 196|0x000000008e800000, 0x000000008e900000, 0x000000008e900000|100%| O|  |TAMS 0x000000008e900000| PB 0x000000008e900000| Untracked 
| 197|0x000000008e900000, 0x000000008ea00000, 0x000000008ea00000|100%| O|  |TAMS 0x000000008ea00000| PB 0x000000008ea00000| Untracked 
| 198|0x000000008ea00000, 0x000000008eb00000, 0x000000008eb00000|100%| O|  |TAMS 0x000000008eb00000| PB 0x000000008eb00000| Untracked 
| 199|0x000000008eb00000, 0x000000008ec00000, 0x000000008ec00000|100%| O|  |TAMS 0x000000008ec00000| PB 0x000000008ec00000| Untracked 
| 200|0x000000008ec00000, 0x000000008ed00000, 0x000000008ed00000|100%| O|  |TAMS 0x000000008ed00000| PB 0x000000008ed00000| Untracked 
| 201|0x000000008ed00000, 0x000000008ee00000, 0x000000008ee00000|100%| O|  |TAMS 0x000000008ee00000| PB 0x000000008ee00000| Updating 
| 202|0x000000008ee00000, 0x000000008ef00000, 0x000000008ef00000|100%| O|  |TAMS 0x000000008ef00000| PB 0x000000008ef00000| Untracked 
| 203|0x000000008ef00000, 0x000000008f000000, 0x000000008f000000|100%| O|  |TAMS 0x000000008f000000| PB 0x000000008f000000| Untracked 
| 204|0x000000008f000000, 0x000000008f100000, 0x000000008f100000|100%| O|  |TAMS 0x000000008f100000| PB 0x000000008f100000| Untracked 
| 205|0x000000008f100000, 0x000000008f200000, 0x000000008f200000|100%| O|  |TAMS 0x000000008f200000| PB 0x000000008f200000| Updating 
| 206|0x000000008f200000, 0x000000008f300000, 0x000000008f300000|100%| O|  |TAMS 0x000000008f300000| PB 0x000000008f300000| Untracked 
| 207|0x000000008f300000, 0x000000008f400000, 0x000000008f400000|100%| O|  |TAMS 0x000000008f400000| PB 0x000000008f400000| Untracked 
| 208|0x000000008f400000, 0x000000008f500000, 0x000000008f500000|100%| O|  |TAMS 0x000000008f500000| PB 0x000000008f500000| Untracked 
| 209|0x000000008f500000, 0x000000008f600000, 0x000000008f600000|100%| O|  |TAMS 0x000000008f600000| PB 0x000000008f600000| Updating 
| 210|0x000000008f600000, 0x000000008f700000, 0x000000008f700000|100%| O|  |TAMS 0x000000008f700000| PB 0x000000008f700000| Untracked 
| 211|0x000000008f700000, 0x000000008f800000, 0x000000008f800000|100%| O|  |TAMS 0x000000008f800000| PB 0x000000008f800000| Untracked 
| 212|0x000000008f800000, 0x000000008f900000, 0x000000008f900000|100%| O|  |TAMS 0x000000008f82ef28| PB 0x000000008f82ef28| Updating 
| 213|0x000000008f900000, 0x000000008fa00000, 0x000000008fa00000|100%| O|  |TAMS 0x000000008f900000| PB 0x000000008f900000| Untracked 
| 214|0x000000008fa00000, 0x000000008fb00000, 0x000000008fb00000|100%| O|  |TAMS 0x000000008fa00000| PB 0x000000008fa00000| Untracked 
| 215|0x000000008fb00000, 0x000000008fc00000, 0x000000008fc00000|100%| O|  |TAMS 0x000000008fb00000| PB 0x000000008fb00000| Untracked 
| 216|0x000000008fc00000, 0x000000008fd00000, 0x000000008fd00000|100%| O|  |TAMS 0x000000008fc00000| PB 0x000000008fc00000| Untracked 
| 217|0x000000008fd00000, 0x000000008fe00000, 0x000000008fe00000|100%| O|  |TAMS 0x000000008fd00000| PB 0x000000008fd00000| Untracked 
| 218|0x000000008fe00000, 0x000000008ff00000, 0x000000008ff00000|100%| O|  |TAMS 0x000000008fe00000| PB 0x000000008fe00000| Untracked 
| 219|0x000000008ff00000, 0x0000000090000000, 0x0000000090000000|100%| O|  |TAMS 0x000000008ff00000| PB 0x000000008ff00000| Untracked 
| 220|0x0000000090000000, 0x0000000090100000, 0x0000000090100000|100%| O|  |TAMS 0x0000000090000000| PB 0x0000000090000000| Untracked 
| 221|0x0000000090100000, 0x0000000090200000, 0x0000000090200000|100%| O|  |TAMS 0x0000000090100000| PB 0x0000000090100000| Untracked 
| 222|0x0000000090200000, 0x0000000090300000, 0x0000000090300000|100%| O|  |TAMS 0x0000000090200000| PB 0x0000000090200000| Untracked 
| 223|0x0000000090300000, 0x0000000090300000, 0x0000000090400000|  0%| F|  |TAMS 0x0000000090300000| PB 0x0000000090300000| Untracked 
| 224|0x0000000090400000, 0x0000000090400000, 0x0000000090500000|  0%| F|  |TAMS 0x0000000090400000| PB 0x0000000090400000| Untracked 
| 225|0x0000000090500000, 0x0000000090500000, 0x0000000090600000|  0%| F|  |TAMS 0x0000000090500000| PB 0x0000000090500000| Untracked 
| 226|0x0000000090600000, 0x0000000090600000, 0x0000000090700000|  0%| F|  |TAMS 0x0000000090600000| PB 0x0000000090600000| Untracked 
| 227|0x0000000090700000, 0x0000000090700000, 0x0000000090800000|  0%| F|  |TAMS 0x0000000090700000| PB 0x0000000090700000| Untracked 
| 228|0x0000000090800000, 0x0000000090800000, 0x0000000090900000|  0%| F|  |TAMS 0x0000000090800000| PB 0x0000000090800000| Untracked 
| 229|0x0000000090900000, 0x0000000090900000, 0x0000000090a00000|  0%| F|  |TAMS 0x0000000090900000| PB 0x0000000090900000| Untracked 
| 230|0x0000000090a00000, 0x0000000090a00000, 0x0000000090b00000|  0%| F|  |TAMS 0x0000000090a00000| PB 0x0000000090a00000| Untracked 
| 231|0x0000000090b00000, 0x0000000090b00000, 0x0000000090c00000|  0%| F|  |TAMS 0x0000000090b00000| PB 0x0000000090b00000| Untracked 
| 232|0x0000000090c00000, 0x0000000090c00000, 0x0000000090d00000|  0%| F|  |TAMS 0x0000000090c00000| PB 0x0000000090c00000| Untracked 
| 233|0x0000000090d00000, 0x0000000090d00000, 0x0000000090e00000|  0%| F|  |TAMS 0x0000000090d00000| PB 0x0000000090d00000| Untracked 
| 234|0x0000000090e00000, 0x0000000090e00000, 0x0000000090f00000|  0%| F|  |TAMS 0x0000000090e00000| PB 0x0000000090e00000| Untracked 
| 235|0x0000000090f00000, 0x0000000090f00000, 0x0000000091000000|  0%| F|  |TAMS 0x0000000090f00000| PB 0x0000000090f00000| Untracked 
| 236|0x0000000091000000, 0x0000000091000000, 0x0000000091100000|  0%| F|  |TAMS 0x0000000091000000| PB 0x0000000091000000| Untracked 
| 237|0x0000000091100000, 0x0000000091100000, 0x0000000091200000|  0%| F|  |TAMS 0x0000000091100000| PB 0x0000000091100000| Untracked 
| 238|0x0000000091200000, 0x0000000091300000, 0x0000000091300000|100%| O|  |TAMS 0x0000000091200000| PB 0x0000000091200000| Untracked 
| 239|0x0000000091300000, 0x0000000091300000, 0x0000000091400000|  0%| F|  |TAMS 0x0000000091300000| PB 0x0000000091300000| Untracked 
| 240|0x0000000091400000, 0x0000000091400000, 0x0000000091500000|  0%| F|  |TAMS 0x0000000091400000| PB 0x0000000091400000| Untracked 
| 241|0x0000000091500000, 0x0000000091500000, 0x0000000091600000|  0%| F|  |TAMS 0x0000000091500000| PB 0x0000000091500000| Untracked 
| 242|0x0000000091600000, 0x0000000091600000, 0x0000000091700000|  0%| F|  |TAMS 0x0000000091600000| PB 0x0000000091600000| Untracked 
| 243|0x0000000091700000, 0x0000000091700000, 0x0000000091800000|  0%| F|  |TAMS 0x0000000091700000| PB 0x0000000091700000| Untracked 
| 244|0x0000000091800000, 0x0000000091900000, 0x0000000091900000|100%| S|CS|TAMS 0x0000000091800000| PB 0x0000000091800000| Complete 
| 245|0x0000000091900000, 0x0000000091a00000, 0x0000000091a00000|100%| S|CS|TAMS 0x0000000091900000| PB 0x0000000091900000| Complete 
| 246|0x0000000091a00000, 0x0000000091b00000, 0x0000000091b00000|100%| S|CS|TAMS 0x0000000091a00000| PB 0x0000000091a00000| Complete 
| 247|0x0000000091b00000, 0x0000000091c00000, 0x0000000091c00000|100%| S|CS|TAMS 0x0000000091b00000| PB 0x0000000091b00000| Complete 
| 248|0x0000000091c00000, 0x0000000091d00000, 0x0000000091d00000|100%| S|CS|TAMS 0x0000000091c00000| PB 0x0000000091c00000| Complete 
| 249|0x0000000091d00000, 0x0000000091e00000, 0x0000000091e00000|100%| S|CS|TAMS 0x0000000091d00000| PB 0x0000000091d00000| Complete 
| 250|0x0000000091e00000, 0x0000000091f00000, 0x0000000091f00000|100%| S|CS|TAMS 0x0000000091e00000| PB 0x0000000091e00000| Complete 
| 251|0x0000000091f00000, 0x0000000092000000, 0x0000000092000000|100%| S|CS|TAMS 0x0000000091f00000| PB 0x0000000091f00000| Complete 
| 252|0x0000000092000000, 0x0000000092100000, 0x0000000092100000|100%| S|CS|TAMS 0x0000000092000000| PB 0x0000000092000000| Complete 
| 253|0x0000000092100000, 0x0000000092200000, 0x0000000092200000|100%| S|CS|TAMS 0x0000000092100000| PB 0x0000000092100000| Complete 
| 254|0x0000000092200000, 0x0000000092300000, 0x0000000092300000|100%| S|CS|TAMS 0x0000000092200000| PB 0x0000000092200000| Complete 
| 255|0x0000000092300000, 0x0000000092400000, 0x0000000092400000|100%| S|CS|TAMS 0x0000000092300000| PB 0x0000000092300000| Complete 
| 256|0x0000000092400000, 0x0000000092500000, 0x0000000092500000|100%| S|CS|TAMS 0x0000000092400000| PB 0x0000000092400000| Complete 
| 257|0x0000000092500000, 0x0000000092600000, 0x0000000092600000|100%| S|CS|TAMS 0x0000000092500000| PB 0x0000000092500000| Complete 
| 258|0x0000000092600000, 0x0000000092600000, 0x0000000092700000|  0%| F|  |TAMS 0x0000000092600000| PB 0x0000000092600000| Untracked 
| 259|0x0000000092700000, 0x0000000092700000, 0x0000000092800000|  0%| F|  |TAMS 0x0000000092700000| PB 0x0000000092700000| Untracked 
| 260|0x0000000092800000, 0x0000000092800000, 0x0000000092900000|  0%| F|  |TAMS 0x0000000092800000| PB 0x0000000092800000| Untracked 
| 261|0x0000000092900000, 0x0000000092900000, 0x0000000092a00000|  0%| F|  |TAMS 0x0000000092900000| PB 0x0000000092900000| Untracked 
| 262|0x0000000092a00000, 0x0000000092a00000, 0x0000000092b00000|  0%| F|  |TAMS 0x0000000092a00000| PB 0x0000000092a00000| Untracked 
| 263|0x0000000092b00000, 0x0000000092b00000, 0x0000000092c00000|  0%| F|  |TAMS 0x0000000092b00000| PB 0x0000000092b00000| Untracked 
| 264|0x0000000092c00000, 0x0000000092c00000, 0x0000000092d00000|  0%| F|  |TAMS 0x0000000092c00000| PB 0x0000000092c00000| Untracked 
| 265|0x0000000092d00000, 0x0000000092d00000, 0x0000000092e00000|  0%| F|  |TAMS 0x0000000092d00000| PB 0x0000000092d00000| Untracked 
| 266|0x0000000092e00000, 0x0000000092e00000, 0x0000000092f00000|  0%| F|  |TAMS 0x0000000092e00000| PB 0x0000000092e00000| Untracked 
| 267|0x0000000092f00000, 0x0000000092f00000, 0x0000000093000000|  0%| F|  |TAMS 0x0000000092f00000| PB 0x0000000092f00000| Untracked 
| 268|0x0000000093000000, 0x0000000093000000, 0x0000000093100000|  0%| F|  |TAMS 0x0000000093000000| PB 0x0000000093000000| Untracked 
| 269|0x0000000093100000, 0x0000000093100000, 0x0000000093200000|  0%| F|  |TAMS 0x0000000093100000| PB 0x0000000093100000| Untracked 
| 270|0x0000000093200000, 0x0000000093200000, 0x0000000093300000|  0%| F|  |TAMS 0x0000000093200000| PB 0x0000000093200000| Untracked 
| 271|0x0000000093300000, 0x0000000093300000, 0x0000000093400000|  0%| F|  |TAMS 0x0000000093300000| PB 0x0000000093300000| Untracked 
| 272|0x0000000093400000, 0x0000000093400000, 0x0000000093500000|  0%| F|  |TAMS 0x0000000093400000| PB 0x0000000093400000| Untracked 
| 273|0x0000000093500000, 0x0000000093500000, 0x0000000093600000|  0%| F|  |TAMS 0x0000000093500000| PB 0x0000000093500000| Untracked 
| 274|0x0000000093600000, 0x0000000093600000, 0x0000000093700000|  0%| F|  |TAMS 0x0000000093600000| PB 0x0000000093600000| Untracked 
| 275|0x0000000093700000, 0x0000000093700000, 0x0000000093800000|  0%| F|  |TAMS 0x0000000093700000| PB 0x0000000093700000| Untracked 
| 276|0x0000000093800000, 0x0000000093800000, 0x0000000093900000|  0%| F|  |TAMS 0x0000000093800000| PB 0x0000000093800000| Untracked 
| 277|0x0000000093900000, 0x0000000093900000, 0x0000000093a00000|  0%| F|  |TAMS 0x0000000093900000| PB 0x0000000093900000| Untracked 
| 278|0x0000000093a00000, 0x0000000093a00000, 0x0000000093b00000|  0%| F|  |TAMS 0x0000000093a00000| PB 0x0000000093a00000| Untracked 
| 279|0x0000000093b00000, 0x0000000093b00000, 0x0000000093c00000|  0%| F|  |TAMS 0x0000000093b00000| PB 0x0000000093b00000| Untracked 
| 280|0x0000000093c00000, 0x0000000093c00000, 0x0000000093d00000|  0%| F|  |TAMS 0x0000000093c00000| PB 0x0000000093c00000| Untracked 
| 281|0x0000000093d00000, 0x0000000093d00000, 0x0000000093e00000|  0%| F|  |TAMS 0x0000000093d00000| PB 0x0000000093d00000| Untracked 
| 282|0x0000000093e00000, 0x0000000093e00000, 0x0000000093f00000|  0%| F|  |TAMS 0x0000000093e00000| PB 0x0000000093e00000| Untracked 
| 283|0x0000000093f00000, 0x0000000093f00000, 0x0000000094000000|  0%| F|  |TAMS 0x0000000093f00000| PB 0x0000000093f00000| Untracked 
| 284|0x0000000094000000, 0x0000000094000000, 0x0000000094100000|  0%| F|  |TAMS 0x0000000094000000| PB 0x0000000094000000| Untracked 
| 285|0x0000000094100000, 0x0000000094100000, 0x0000000094200000|  0%| F|  |TAMS 0x0000000094100000| PB 0x0000000094100000| Untracked 
| 286|0x0000000094200000, 0x0000000094200000, 0x0000000094300000|  0%| F|  |TAMS 0x0000000094200000| PB 0x0000000094200000| Untracked 
| 287|0x0000000094300000, 0x0000000094300000, 0x0000000094400000|  0%| F|  |TAMS 0x0000000094300000| PB 0x0000000094300000| Untracked 
| 288|0x0000000094400000, 0x0000000094400000, 0x0000000094500000|  0%| F|  |TAMS 0x0000000094400000| PB 0x0000000094400000| Untracked 
| 289|0x0000000094500000, 0x0000000094500000, 0x0000000094600000|  0%| F|  |TAMS 0x0000000094500000| PB 0x0000000094500000| Untracked 
| 290|0x0000000094600000, 0x0000000094600000, 0x0000000094700000|  0%| F|  |TAMS 0x0000000094600000| PB 0x0000000094600000| Untracked 
| 291|0x0000000094700000, 0x0000000094700000, 0x0000000094800000|  0%| F|  |TAMS 0x0000000094700000| PB 0x0000000094700000| Untracked 
| 292|0x0000000094800000, 0x0000000094800000, 0x0000000094900000|  0%| F|  |TAMS 0x0000000094800000| PB 0x0000000094800000| Untracked 
| 293|0x0000000094900000, 0x0000000094900000, 0x0000000094a00000|  0%| F|  |TAMS 0x0000000094900000| PB 0x0000000094900000| Untracked 
| 294|0x0000000094a00000, 0x0000000094a00000, 0x0000000094b00000|  0%| F|  |TAMS 0x0000000094a00000| PB 0x0000000094a00000| Untracked 
| 295|0x0000000094b00000, 0x0000000094b00000, 0x0000000094c00000|  0%| F|  |TAMS 0x0000000094b00000| PB 0x0000000094b00000| Untracked 
| 296|0x0000000094c00000, 0x0000000094c00000, 0x0000000094d00000|  0%| F|  |TAMS 0x0000000094c00000| PB 0x0000000094c00000| Untracked 
| 297|0x0000000094d00000, 0x0000000094d00000, 0x0000000094e00000|  0%| F|  |TAMS 0x0000000094d00000| PB 0x0000000094d00000| Untracked 
| 298|0x0000000094e00000, 0x0000000094e00000, 0x0000000094f00000|  0%| F|  |TAMS 0x0000000094e00000| PB 0x0000000094e00000| Untracked 
| 299|0x0000000094f00000, 0x0000000094f00000, 0x0000000095000000|  0%| F|  |TAMS 0x0000000094f00000| PB 0x0000000094f00000| Untracked 
| 300|0x0000000095000000, 0x0000000095000000, 0x0000000095100000|  0%| F|  |TAMS 0x0000000095000000| PB 0x0000000095000000| Untracked 
| 301|0x0000000095100000, 0x0000000095100000, 0x0000000095200000|  0%| F|  |TAMS 0x0000000095100000| PB 0x0000000095100000| Untracked 
| 302|0x0000000095200000, 0x0000000095200000, 0x0000000095300000|  0%| F|  |TAMS 0x0000000095200000| PB 0x0000000095200000| Untracked 
| 303|0x0000000095300000, 0x0000000095300000, 0x0000000095400000|  0%| F|  |TAMS 0x0000000095300000| PB 0x0000000095300000| Untracked 
| 304|0x0000000095400000, 0x0000000095400000, 0x0000000095500000|  0%| F|  |TAMS 0x0000000095400000| PB 0x0000000095400000| Untracked 
| 305|0x0000000095500000, 0x0000000095500000, 0x0000000095600000|  0%| F|  |TAMS 0x0000000095500000| PB 0x0000000095500000| Untracked 
| 306|0x0000000095600000, 0x0000000095600000, 0x0000000095700000|  0%| F|  |TAMS 0x0000000095600000| PB 0x0000000095600000| Untracked 
| 307|0x0000000095700000, 0x0000000095700000, 0x0000000095800000|  0%| F|  |TAMS 0x0000000095700000| PB 0x0000000095700000| Untracked 
| 308|0x0000000095800000, 0x0000000095800000, 0x0000000095900000|  0%| F|  |TAMS 0x0000000095800000| PB 0x0000000095800000| Untracked 
| 309|0x0000000095900000, 0x0000000095900000, 0x0000000095a00000|  0%| F|  |TAMS 0x0000000095900000| PB 0x0000000095900000| Untracked 
| 310|0x0000000095a00000, 0x0000000095a00000, 0x0000000095b00000|  0%| F|  |TAMS 0x0000000095a00000| PB 0x0000000095a00000| Untracked 
| 311|0x0000000095b00000, 0x0000000095b00000, 0x0000000095c00000|  0%| F|  |TAMS 0x0000000095b00000| PB 0x0000000095b00000| Untracked 
| 312|0x0000000095c00000, 0x0000000095c00000, 0x0000000095d00000|  0%| F|  |TAMS 0x0000000095c00000| PB 0x0000000095c00000| Untracked 
| 313|0x0000000095d00000, 0x0000000095d00000, 0x0000000095e00000|  0%| F|  |TAMS 0x0000000095d00000| PB 0x0000000095d00000| Untracked 
| 314|0x0000000095e00000, 0x0000000095e00000, 0x0000000095f00000|  0%| F|  |TAMS 0x0000000095e00000| PB 0x0000000095e00000| Untracked 
| 315|0x0000000095f00000, 0x0000000095f00000, 0x0000000096000000|  0%| F|  |TAMS 0x0000000095f00000| PB 0x0000000095f00000| Untracked 
| 316|0x0000000096000000, 0x0000000096000000, 0x0000000096100000|  0%| F|  |TAMS 0x0000000096000000| PB 0x0000000096000000| Untracked 
| 317|0x0000000096100000, 0x0000000096100000, 0x0000000096200000|  0%| F|  |TAMS 0x0000000096100000| PB 0x0000000096100000| Untracked 
| 318|0x0000000096200000, 0x0000000096200000, 0x0000000096300000|  0%| F|  |TAMS 0x0000000096200000| PB 0x0000000096200000| Untracked 
| 319|0x0000000096300000, 0x0000000096300000, 0x0000000096400000|  0%| F|  |TAMS 0x0000000096300000| PB 0x0000000096300000| Untracked 
| 320|0x0000000096400000, 0x0000000096400000, 0x0000000096500000|  0%| F|  |TAMS 0x0000000096400000| PB 0x0000000096400000| Untracked 
| 321|0x0000000096500000, 0x0000000096500000, 0x0000000096600000|  0%| F|  |TAMS 0x0000000096500000| PB 0x0000000096500000| Untracked 
| 322|0x0000000096600000, 0x0000000096600000, 0x0000000096700000|  0%| F|  |TAMS 0x0000000096600000| PB 0x0000000096600000| Untracked 
| 323|0x0000000096700000, 0x0000000096700000, 0x0000000096800000|  0%| F|  |TAMS 0x0000000096700000| PB 0x0000000096700000| Untracked 
| 324|0x0000000096800000, 0x0000000096800000, 0x0000000096900000|  0%| F|  |TAMS 0x0000000096800000| PB 0x0000000096800000| Untracked 
| 325|0x0000000096900000, 0x0000000096900000, 0x0000000096a00000|  0%| F|  |TAMS 0x0000000096900000| PB 0x0000000096900000| Untracked 
| 326|0x0000000096a00000, 0x0000000096a00000, 0x0000000096b00000|  0%| F|  |TAMS 0x0000000096a00000| PB 0x0000000096a00000| Untracked 
| 327|0x0000000096b00000, 0x0000000096b00000, 0x0000000096c00000|  0%| F|  |TAMS 0x0000000096b00000| PB 0x0000000096b00000| Untracked 
| 328|0x0000000096c00000, 0x0000000096c00000, 0x0000000096d00000|  0%| F|  |TAMS 0x0000000096c00000| PB 0x0000000096c00000| Untracked 
| 329|0x0000000096d00000, 0x0000000096d00000, 0x0000000096e00000|  0%| F|  |TAMS 0x0000000096d00000| PB 0x0000000096d00000| Untracked 
| 330|0x0000000096e00000, 0x0000000096e00000, 0x0000000096f00000|  0%| F|  |TAMS 0x0000000096e00000| PB 0x0000000096e00000| Untracked 
| 331|0x0000000096f00000, 0x0000000096f00000, 0x0000000097000000|  0%| F|  |TAMS 0x0000000096f00000| PB 0x0000000096f00000| Untracked 
| 332|0x0000000097000000, 0x0000000097000000, 0x0000000097100000|  0%| F|  |TAMS 0x0000000097000000| PB 0x0000000097000000| Untracked 
| 333|0x0000000097100000, 0x0000000097100000, 0x0000000097200000|  0%| F|  |TAMS 0x0000000097100000| PB 0x0000000097100000| Untracked 
| 334|0x0000000097200000, 0x0000000097200000, 0x0000000097300000|  0%| F|  |TAMS 0x0000000097200000| PB 0x0000000097200000| Untracked 
| 335|0x0000000097300000, 0x0000000097300000, 0x0000000097400000|  0%| F|  |TAMS 0x0000000097300000| PB 0x0000000097300000| Untracked 
| 336|0x0000000097400000, 0x0000000097400000, 0x0000000097500000|  0%| F|  |TAMS 0x0000000097400000| PB 0x0000000097400000| Untracked 
| 337|0x0000000097500000, 0x0000000097500000, 0x0000000097600000|  0%| F|  |TAMS 0x0000000097500000| PB 0x0000000097500000| Untracked 
| 338|0x0000000097600000, 0x0000000097600000, 0x0000000097700000|  0%| F|  |TAMS 0x0000000097600000| PB 0x0000000097600000| Untracked 
| 339|0x0000000097700000, 0x0000000097700000, 0x0000000097800000|  0%| F|  |TAMS 0x0000000097700000| PB 0x0000000097700000| Untracked 
| 340|0x0000000097800000, 0x0000000097800000, 0x0000000097900000|  0%| F|  |TAMS 0x0000000097800000| PB 0x0000000097800000| Untracked 
| 341|0x0000000097900000, 0x0000000097900000, 0x0000000097a00000|  0%| F|  |TAMS 0x0000000097900000| PB 0x0000000097900000| Untracked 
| 342|0x0000000097a00000, 0x0000000097a00000, 0x0000000097b00000|  0%| F|  |TAMS 0x0000000097a00000| PB 0x0000000097a00000| Untracked 
| 343|0x0000000097b00000, 0x0000000097b00000, 0x0000000097c00000|  0%| F|  |TAMS 0x0000000097b00000| PB 0x0000000097b00000| Untracked 
| 344|0x0000000097c00000, 0x0000000097c00000, 0x0000000097d00000|  0%| F|  |TAMS 0x0000000097c00000| PB 0x0000000097c00000| Untracked 
| 345|0x0000000097d00000, 0x0000000097d00000, 0x0000000097e00000|  0%| F|  |TAMS 0x0000000097d00000| PB 0x0000000097d00000| Untracked 
| 346|0x0000000097e00000, 0x0000000097e00000, 0x0000000097f00000|  0%| F|  |TAMS 0x0000000097e00000| PB 0x0000000097e00000| Untracked 
| 347|0x0000000097f00000, 0x0000000097f00000, 0x0000000098000000|  0%| F|  |TAMS 0x0000000097f00000| PB 0x0000000097f00000| Untracked 
| 348|0x0000000098000000, 0x0000000098000000, 0x0000000098100000|  0%| F|  |TAMS 0x0000000098000000| PB 0x0000000098000000| Untracked 
| 349|0x0000000098100000, 0x0000000098100000, 0x0000000098200000|  0%| F|  |TAMS 0x0000000098100000| PB 0x0000000098100000| Untracked 
| 350|0x0000000098200000, 0x0000000098200000, 0x0000000098300000|  0%| F|  |TAMS 0x0000000098200000| PB 0x0000000098200000| Untracked 
| 351|0x0000000098300000, 0x0000000098400000, 0x0000000098400000|100%| E|  |TAMS 0x0000000098300000| PB 0x0000000098300000| Complete 
| 352|0x0000000098400000, 0x0000000098500000, 0x0000000098500000|100%| E|CS|TAMS 0x0000000098400000| PB 0x0000000098400000| Complete 
| 353|0x0000000098500000, 0x0000000098600000, 0x0000000098600000|100%| E|CS|TAMS 0x0000000098500000| PB 0x0000000098500000| Complete 
|2009|0x00000000ffd00000, 0x00000000ffe00000, 0x00000000ffe00000|100%| O|  |TAMS 0x00000000ffe00000| PB 0x00000000ffe00000| Updating 
|2010|0x00000000ffe00000, 0x00000000fff00000, 0x00000000fff00000|100%| O|  |TAMS 0x00000000fff00000| PB 0x00000000fff00000| Untracked 
|2011|0x00000000fff00000, 0x0000000100000000, 0x0000000100000000|100%| O|  |TAMS 0x0000000100000000| PB 0x0000000100000000| Untracked 

Card table byte_map: [0x000001b5cd850000,0x000001b5cdc40000] _byte_map_base: 0x000001b5cd43e000

Marking Bits: (CMBitMap*) 0x000001b5bb35f840
 Bits: [0x000001b5cdc40000, 0x000001b5cfbb0000)

Polling page: 0x000001b5b8fa0000

Metaspace:

Usage:
  Non-class:     67.26 MB used.
      Class:      7.72 MB used.
       Both:     74.99 MB used.

Virtual space:
  Non-class space:      128.00 MB reserved,      67.50 MB ( 53%) committed,  2 nodes.
      Class space:        1.00 GB reserved,       7.88 MB ( <1%) committed,  1 nodes.
             Both:        1.12 GB reserved,      75.38 MB (  7%) committed. 

Chunk freelists:
   Non-Class:  12.55 MB
       Class:  8.11 MB
        Both:  20.66 MB

MaxMetaspaceSize: unlimited
CompressedClassSpaceSize: 1.00 GB
Initial GC threshold: 21.00 MB
Current GC threshold: 107.62 MB
CDS: off
 - commit_granule_bytes: 65536.
 - commit_granule_words: 8192.
 - virtual_space_node_default_size: 8388608.
 - enlarge_chunks_in_place: 1.
 - use_allocation_guard: 0.


Internal statistics:

num_allocs_failed_limit: 3.
num_arena_births: 370.
num_arena_deaths: 0.
num_vsnodes_births: 3.
num_vsnodes_deaths: 0.
num_space_committed: 1204.
num_space_uncommitted: 0.
num_chunks_returned_to_freelist: 3.
num_chunks_taken_from_freelist: 2762.
num_chunk_merges: 3.
num_chunk_splits: 2284.
num_chunks_enlarged: 2077.
num_inconsistent_stats: 0.

CodeHeap 'non-profiled nmethods': size=120000Kb used=15193Kb max_used=16203Kb free=104806Kb
 bounds [0x000001b5c5f30000, 0x000001b5c6f10000, 0x000001b5cd460000]
CodeHeap 'profiled nmethods': size=120000Kb used=48747Kb max_used=53141Kb free=71252Kb
 bounds [0x000001b5be460000, 0x000001b5c1850000, 0x000001b5c5990000]
CodeHeap 'non-nmethods': size=5760Kb used=1777Kb max_used=1882Kb free=3982Kb
 bounds [0x000001b5c5990000, 0x000001b5c5c00000, 0x000001b5c5f30000]
 total_blobs=14351 nmethods=13559 adapters=691
 compilation: enabled
              stopped_count=0, restarted_count=0
 full_count=0

Compilation events (20 events):
Event: 107.882 Thread 0x000001b5d2270880 nmethod 17120 0x000001b5c183fb90 code [0x000001b5c183fe40, 0x000001b5c1840958]
Event: 107.882 Thread 0x000001b5d2270880 17121       3       org.jetbrains.kotlin.fir.backend.Fir2IrImplicitCastInserter::visitEqualityOperatorCall (16 bytes)
Event: 107.883 Thread 0x000001b5d2270880 nmethod 17121 0x000001b5c1840d90 code [0x000001b5c1841020, 0x000001b5c18419d0]
Event: 107.893 Thread 0x000001b5d22850e0 nmethod 17114 0x000001b5c6efcd10 code [0x000001b5c6efcee0, 0x000001b5c6efd4d0]
Event: 107.927 Thread 0x000001b5d22850e0 17122       4       org.jetbrains.kotlin.fir.backend.Fir2IrDeclarationStorage$PropertyCacheStorage::get (46 bytes)
Event: 107.936 Thread 0x000001b5d22850e0 nmethod 17122 0x000001b5c6efd710 code [0x000001b5c6efd8e0, 0x000001b5c6efdc48]
Event: 107.997 Thread 0x000001b5d2270880 17123       1       org.jetbrains.kotlin.fir.backend.Fir2IrComponentsStorage::getDataClassMembersGenerator (5 bytes)
Event: 107.998 Thread 0x000001b5d2270880 nmethod 17123 0x000001b5c6efdf10 code [0x000001b5c6efe0a0, 0x000001b5c6efe168]
Event: 108.020 Thread 0x000001b5d2270880 17124       1       org.jetbrains.kotlin.fir.backend.Fir2IrCommonMemberStorage::getGeneratedDataValueClassSyntheticFunctions (5 bytes)
Event: 108.021 Thread 0x000001b5d2270880 nmethod 17124 0x000001b5c6efe210 code [0x000001b5c6efe3a0, 0x000001b5c6efe468]
Event: 108.022 Thread 0x000001b5d22850e0 17125       4       org.jetbrains.kotlin.fir.backend.utils.VariousUtilsKt::getDefaultTypeWithoutArguments (34 bytes)
Event: 108.033 Thread 0x000001b5d22850e0 nmethod 17125 0x000001b5c6efe510 code [0x000001b5c6efe6c0, 0x000001b5c6efebd8]
Event: 108.047 Thread 0x000001b5d2270880 17126       3       org.jetbrains.kotlin.fir.backend.generators.AnnotationGenerator::generate (40 bytes)
Event: 108.049 Thread 0x000001b5d2270880 nmethod 17126 0x000001b5c1841d90 code [0x000001b5c18420a0, 0x000001b5c18431b8]
Event: 108.083 Thread 0x000001b5d2270880 17127       3       org.jetbrains.kotlin.fir.backend.generators.ClassMemberGenerator::convertPropertyContent (248 bytes)
Event: 108.088 Thread 0x000001b5d2270880 nmethod 17127 0x000001b5c1843790 code [0x000001b5c1843e80, 0x000001b5c1847590]
Event: 108.109 Thread 0x000001b5d2270880 17128       3       org.jetbrains.kotlin.ir.declarations.impl.IrFieldImpl::getSymbol (8 bytes)
Event: 108.109 Thread 0x000001b5d2270880 nmethod 17128 0x000001b5c1848690 code [0x000001b5c1848840, 0x000001b5c1848a60]
Event: 108.145 Thread 0x000001b5d22850e0 17129       4       org.jetbrains.kotlin.fir.backend.Fir2IrImplicitCastInserter$Companion::coerceToUnitIfNeeded$fir2ir (62 bytes)
Event: 108.253 Thread 0x000001b5d22850e0 nmethod 17129 0x000001b5c6efed90 code [0x000001b5c6eff180, 0x000001b5c6f016c8]

GC Heap History (20 events):
Event: 59.629 GC heap before
{Heap before GC invocations=42 (full 0):
 garbage-first heap   total 271360K, used 216354K [0x0000000082400000, 0x0000000100000000)
  region size 1024K, 61 young (62464K), 8 survivors (8192K)
 Metaspace       used 65158K, committed 65472K, reserved 1114112K
  class space    used 7011K, committed 7168K, reserved 1048576K
}
Event: 59.655 GC heap after
{Heap after GC invocations=43 (full 0):
 garbage-first heap   total 271360K, used 171008K [0x0000000082400000, 0x0000000100000000)
  region size 1024K, 8 young (8192K), 8 survivors (8192K)
 Metaspace       used 65158K, committed 65472K, reserved 1114112K
  class space    used 7011K, committed 7168K, reserved 1048576K
}
Event: 60.165 GC heap before
{Heap before GC invocations=43 (full 0):
 garbage-first heap   total 271360K, used 240640K [0x0000000082400000, 0x0000000100000000)
  region size 1024K, 76 young (77824K), 8 survivors (8192K)
 Metaspace       used 65158K, committed 65472K, reserved 1114112K
  class space    used 7011K, committed 7168K, reserved 1048576K
}
Event: 60.191 GC heap after
{Heap after GC invocations=44 (full 0):
 garbage-first heap   total 271360K, used 185344K [0x0000000082400000, 0x0000000100000000)
  region size 1024K, 10 young (10240K), 10 survivors (10240K)
 Metaspace       used 65158K, committed 65472K, reserved 1114112K
  class space    used 7011K, committed 7168K, reserved 1048576K
}
Event: 61.262 GC heap before
{Heap before GC invocations=44 (full 0):
 garbage-first heap   total 271360K, used 243712K [0x0000000082400000, 0x0000000100000000)
  region size 1024K, 67 young (68608K), 10 survivors (10240K)
 Metaspace       used 65186K, committed 65536K, reserved 1114112K
  class space    used 7011K, committed 7168K, reserved 1048576K
}
Event: 61.285 GC heap after
{Heap after GC invocations=45 (full 0):
 garbage-first heap   total 271360K, used 197632K [0x0000000082400000, 0x0000000100000000)
  region size 1024K, 9 young (9216K), 9 survivors (9216K)
 Metaspace       used 65186K, committed 65536K, reserved 1114112K
  class space    used 7011K, committed 7168K, reserved 1048576K
}
Event: 64.642 GC heap before
{Heap before GC invocations=46 (full 0):
 garbage-first heap   total 329728K, used 244736K [0x0000000082400000, 0x0000000100000000)
  region size 1024K, 55 young (56320K), 9 survivors (9216K)
 Metaspace       used 65328K, committed 65664K, reserved 1114112K
  class space    used 7011K, committed 7168K, reserved 1048576K
}
Event: 64.663 GC heap after
{Heap after GC invocations=47 (full 0):
 garbage-first heap   total 329728K, used 203680K [0x0000000082400000, 0x0000000100000000)
  region size 1024K, 5 young (5120K), 5 survivors (5120K)
 Metaspace       used 65328K, committed 65664K, reserved 1114112K
  class space    used 7011K, committed 7168K, reserved 1048576K
}
Event: 69.265 GC heap before
{Heap before GC invocations=47 (full 0):
 garbage-first heap   total 329728K, used 289696K [0x0000000082400000, 0x0000000100000000)
  region size 1024K, 89 young (91136K), 5 survivors (5120K)
 Metaspace       used 65513K, committed 65856K, reserved 1114112K
  class space    used 7027K, committed 7168K, reserved 1048576K
}
Event: 69.294 GC heap after
{Heap after GC invocations=48 (full 0):
 garbage-first heap   total 329728K, used 209471K [0x0000000082400000, 0x0000000100000000)
  region size 1024K, 12 young (12288K), 12 survivors (12288K)
 Metaspace       used 65513K, committed 65856K, reserved 1114112K
  class space    used 7027K, committed 7168K, reserved 1048576K
}
Event: 73.712 GC heap before
{Heap before GC invocations=48 (full 0):
 garbage-first heap   total 329728K, used 297535K [0x0000000082400000, 0x0000000100000000)
  region size 1024K, 98 young (100352K), 12 survivors (12288K)
 Metaspace       used 65658K, committed 65984K, reserved 1114112K
  class space    used 7029K, committed 7168K, reserved 1048576K
}
Event: 73.742 GC heap after
{Heap after GC invocations=49 (full 0):
 garbage-first heap   total 329728K, used 214407K [0x0000000082400000, 0x0000000100000000)
  region size 1024K, 5 young (5120K), 5 survivors (5120K)
 Metaspace       used 65658K, committed 65984K, reserved 1114112K
  class space    used 7029K, committed 7168K, reserved 1048576K
}
Event: 77.338 GC heap before
{Heap before GC invocations=49 (full 0):
 garbage-first heap   total 329728K, used 301447K [0x0000000082400000, 0x0000000100000000)
  region size 1024K, 90 young (92160K), 5 survivors (5120K)
 Metaspace       used 65783K, committed 66112K, reserved 1114112K
  class space    used 7038K, committed 7168K, reserved 1048576K
}
Event: 77.359 GC heap after
{Heap after GC invocations=50 (full 0):
 garbage-first heap   total 329728K, used 218329K [0x0000000082400000, 0x0000000100000000)
  region size 1024K, 9 young (9216K), 9 survivors (9216K)
 Metaspace       used 65783K, committed 66112K, reserved 1114112K
  class space    used 7038K, committed 7168K, reserved 1048576K
}
Event: 88.707 GC heap before
{Heap before GC invocations=51 (full 0):
 garbage-first heap   total 365568K, used 300249K [0x0000000082400000, 0x0000000100000000)
  region size 1024K, 89 young (91136K), 9 survivors (9216K)
 Metaspace       used 70050K, committed 70336K, reserved 1114112K
  class space    used 7346K, committed 7488K, reserved 1048576K
}
Event: 88.742 GC heap after
{Heap after GC invocations=52 (full 0):
 garbage-first heap   total 365568K, used 223608K [0x0000000082400000, 0x0000000100000000)
  region size 1024K, 10 young (10240K), 10 survivors (10240K)
 Metaspace       used 70050K, committed 70336K, reserved 1114112K
  class space    used 7346K, committed 7488K, reserved 1048576K
}
Event: 97.588 GC heap before
{Heap before GC invocations=52 (full 0):
 garbage-first heap   total 365568K, used 332152K [0x0000000082400000, 0x0000000100000000)
  region size 1024K, 116 young (118784K), 10 survivors (10240K)
 Metaspace       used 70482K, committed 70784K, reserved 1114112K
  class space    used 7361K, committed 7488K, reserved 1048576K
}
Event: 97.641 GC heap after
{Heap after GC invocations=53 (full 0):
 garbage-first heap   total 365568K, used 231528K [0x0000000082400000, 0x0000000100000000)
  region size 1024K, 15 young (15360K), 15 survivors (15360K)
 Metaspace       used 70482K, committed 70784K, reserved 1114112K
  class space    used 7361K, committed 7488K, reserved 1048576K
}
Event: 107.068 GC heap before
{Heap before GC invocations=53 (full 0):
 garbage-first heap   total 365568K, used 329832K [0x0000000082400000, 0x0000000100000000)
  region size 1024K, 111 young (113664K), 15 survivors (15360K)
 Metaspace       used 76783K, committed 77184K, reserved 1179648K
  class space    used 7908K, committed 8064K, reserved 1048576K
}
Event: 107.166 GC heap after
{Heap after GC invocations=54 (full 0):
 garbage-first heap   total 365568K, used 246784K [0x0000000082400000, 0x0000000100000000)
  region size 1024K, 14 young (14336K), 14 survivors (14336K)
 Metaspace       used 76783K, committed 77184K, reserved 1179648K
  class space    used 7908K, committed 8064K, reserved 1048576K
}

Dll operation events (3 events):
Event: 0.029 Loaded shared library C:\Program Files\Android\Android Studio\jbr\bin\java.dll
Event: 0.059 Loaded shared library C:\Program Files\Android\Android Studio\jbr\bin\zip.dll
Event: 4.426 Loaded shared library C:\Program Files\Android\Android Studio\jbr\bin\verify.dll

Deoptimization events (20 events):
Event: 106.965 Thread 0x000001b5b90128d0 Uncommon trap: trap_request=0xffffff66 fr.pc=0x000001b5c6ed85a0 relative=0x0000000000000820
Event: 106.965 Thread 0x000001b5b90128d0 Uncommon trap: reason=speculate_class_check action=maybe_recompile pc=0x000001b5c6ed85a0 method=org.jetbrains.kotlin.fir.backend.Fir2IrClassifierStorage.getIrClass(Lorg/jetbrains/kotlin/fir/declarations/FirClass;)Lorg/jetbrains/kotlin/ir/declarations/IrCl
Event: 106.965 Thread 0x000001b5b90128d0 DEOPT PACKING pc=0x000001b5c6ed85a0 sp=0x000000b4442fad80
Event: 106.965 Thread 0x000001b5b90128d0 DEOPT UNPACKING pc=0x000001b5c59e46a2 sp=0x000000b4442fad08 mode 2
Event: 106.966 Thread 0x000001b5b90128d0 Uncommon trap: trap_request=0xffffff66 fr.pc=0x000001b5c6ed85a0 relative=0x0000000000000820
Event: 106.966 Thread 0x000001b5b90128d0 Uncommon trap: reason=speculate_class_check action=maybe_recompile pc=0x000001b5c6ed85a0 method=org.jetbrains.kotlin.fir.backend.Fir2IrClassifierStorage.getIrClass(Lorg/jetbrains/kotlin/fir/declarations/FirClass;)Lorg/jetbrains/kotlin/ir/declarations/IrCl
Event: 106.966 Thread 0x000001b5b90128d0 DEOPT PACKING pc=0x000001b5c6ed85a0 sp=0x000000b4442fb060
Event: 106.966 Thread 0x000001b5b90128d0 DEOPT UNPACKING pc=0x000001b5c59e46a2 sp=0x000000b4442fafe8 mode 2
Event: 106.966 Thread 0x000001b5b90128d0 Uncommon trap: trap_request=0xffffff66 fr.pc=0x000001b5c6ed85a0 relative=0x0000000000000820
Event: 106.966 Thread 0x000001b5b90128d0 Uncommon trap: reason=speculate_class_check action=maybe_recompile pc=0x000001b5c6ed85a0 method=org.jetbrains.kotlin.fir.backend.Fir2IrClassifierStorage.getIrClass(Lorg/jetbrains/kotlin/fir/declarations/FirClass;)Lorg/jetbrains/kotlin/ir/declarations/IrCl
Event: 106.966 Thread 0x000001b5b90128d0 DEOPT PACKING pc=0x000001b5c6ed85a0 sp=0x000000b4442fada0
Event: 106.966 Thread 0x000001b5b90128d0 DEOPT UNPACKING pc=0x000001b5c59e46a2 sp=0x000000b4442fad28 mode 2
Event: 107.063 Thread 0x000001b5b90128d0 Uncommon trap: trap_request=0xffffff66 fr.pc=0x000001b5c6ed85a0 relative=0x0000000000000820
Event: 107.063 Thread 0x000001b5b90128d0 Uncommon trap: reason=speculate_class_check action=maybe_recompile pc=0x000001b5c6ed85a0 method=org.jetbrains.kotlin.fir.backend.Fir2IrClassifierStorage.getIrClass(Lorg/jetbrains/kotlin/fir/declarations/FirClass;)Lorg/jetbrains/kotlin/ir/declarations/IrCl
Event: 107.063 Thread 0x000001b5b90128d0 DEOPT PACKING pc=0x000001b5c6ed85a0 sp=0x000000b4442fdb00
Event: 107.063 Thread 0x000001b5b90128d0 DEOPT UNPACKING pc=0x000001b5c59e46a2 sp=0x000000b4442fda88 mode 2
Event: 107.311 Thread 0x000001b5b90128d0 Uncommon trap: trap_request=0xffffff54 fr.pc=0x000001b5c6e65ff0 relative=0x0000000000005030
Event: 107.311 Thread 0x000001b5b90128d0 Uncommon trap: reason=speculate_null_assert action=make_not_entrant pc=0x000001b5c6e65ff0 method=org.jetbrains.kotlin.fir.backend.generators.CallAndReferenceGenerator.convertToIrCall$lambda$23$lambda$22(Lorg/jetbrains/kotlin/fir/references/FirReference;Lo
Event: 107.311 Thread 0x000001b5b90128d0 DEOPT PACKING pc=0x000001b5c6e65ff0 sp=0x000000b4442f95f0
Event: 107.311 Thread 0x000001b5b90128d0 DEOPT UNPACKING pc=0x000001b5c59e46a2 sp=0x000000b4442f9518 mode 2

Classes loaded (20 events):
Event: 99.508 Loading class java/util/ServiceLoader$LazyClassPathLookupIterator
Event: 99.509 Loading class java/util/ServiceLoader$LazyClassPathLookupIterator done
Event: 99.509 Loading class java/util/ServiceLoader$2
Event: 99.509 Loading class java/util/ServiceLoader$2 done
Event: 99.509 Loading class java/util/ServiceLoader$3
Event: 99.509 Loading class java/util/ServiceLoader$3 done
Event: 99.510 Loading class java/util/Collections$EmptyEnumeration
Event: 99.510 Loading class java/util/Collections$EmptyEnumeration done
Event: 99.510 Loading class jdk/internal/loader/BuiltinClassLoader$1
Event: 99.510 Loading class jdk/internal/loader/BuiltinClassLoader$1 done
Event: 99.510 Loading class java/lang/CompoundEnumeration
Event: 99.510 Loading class java/lang/CompoundEnumeration done
Event: 99.511 Loading class jdk/internal/loader/URLClassPath$1
Event: 99.511 Loading class jdk/internal/loader/URLClassPath$1 done
Event: 99.515 Loading class java/util/ServiceLoader$1
Event: 99.515 Loading class java/util/ServiceLoader$1 done
Event: 99.518 Loading class java/util/ServiceLoader$ProviderImpl
Event: 99.518 Loading class java/util/ServiceLoader$Provider
Event: 99.518 Loading class java/util/ServiceLoader$Provider done
Event: 99.518 Loading class java/util/ServiceLoader$ProviderImpl done

Classes unloaded (0 events):
No events

Classes redefined (0 events):
No events

Internal exceptions (20 events):
Event: 65.177 Thread 0x000001b5b90128d0 Implicit null exception at 0x000001b5c61aeee1 to 0x000001b5c61b0598
Event: 66.561 Thread 0x000001b5b90128d0 Implicit null exception at 0x000001b5c64f49e8 to 0x000001b5c64f4dc8
Event: 80.808 Thread 0x000001b5b90128d0 Implicit null exception at 0x000001b5c63bf7c8 to 0x000001b5c63c0654
Event: 81.691 Thread 0x000001b5b90128d0 Implicit null exception at 0x000001b5c5f55aaf to 0x000001b5c5f55e5c
Event: 96.759 Thread 0x000001b5b90128d0 Exception <a 'java/lang/NoSuchMethodError'{0x00000000927640a8}: 'java.lang.Object java.lang.invoke.DirectMethodHandle$Holder.newInvokeSpecial(java.lang.Object, java.lang.Object, int, java.lang.Object, java.lang.Object, java.lang.Object)'> (0x00000000927640a8) 
thrown [s\src\hotspot\share\interpreter\linkResolver.cpp, line 784]
Event: 96.759 Thread 0x000001b5b90128d0 Exception <a 'java/lang/NoSuchMethodError'{0x0000000092768228}: 'java.lang.Object java.lang.invoke.DirectMethodHandle$Holder.invokeSpecial(java.lang.Object, java.lang.Object, java.lang.Object, int, java.lang.Object, java.lang.Object, java.lang.Object)'> (0x0000000092768228) 
thrown [s\src\hotspot\share\interpreter\linkResolver.cpp, line 784]
Event: 96.760 Thread 0x000001b5b90128d0 Exception <a 'java/lang/NoSuchMethodError'{0x000000009276b8a0}: 'java.lang.Object java.lang.invoke.Invokers$Holder.linkToTargetMethod(java.lang.Object, int, java.lang.Object, java.lang.Object, java.lang.Object, java.lang.Object)'> (0x000000009276b8a0) 
thrown [s\src\hotspot\share\interpreter\linkResolver.cpp, line 784]
Event: 99.554 Thread 0x000001b5b90128d0 Implicit null exception at 0x000001b5c6489044 to 0x000001b5c64891bc
Event: 99.660 Thread 0x000001b5b90128d0 Implicit null exception at 0x000001b5c6140ba2 to 0x000001b5c6140fbf
Event: 99.663 Thread 0x000001b5b90128d0 Implicit null exception at 0x000001b5c60c93a2 to 0x000001b5c60c97c3
Event: 100.593 Thread 0x000001b5b90128d0 Exception <a 'java/lang/NoSuchMethodError'{0x0000000094e7f4a0}: 'java.lang.Object java.lang.invoke.DirectMethodHandle$Holder.newInvokeSpecial(java.lang.Object, java.lang.Object, java.lang.Object, java.lang.Object, java.lang.Object, java.lang.Object, java.lang.Object, java.lang.Object, int)'> (0x0000000094e7f4a0) 
thrown [s\src\hotspot\share\interpreter\linkResolver.cpp, line 784]
Event: 100.594 Thread 0x000001b5b90128d0 Exception <a 'java/lang/NoSuchMethodError'{0x0000000094e84498}: 'java.lang.Object java.lang.invoke.DirectMethodHandle$Holder.invokeSpecial(java.lang.Object, java.lang.Object, java.lang.Object, java.lang.Object, java.lang.Object, java.lang.Object, java.lang.Object, java.lang.Object, java.lang.Object, int)'> (0x0000000094e84498) 
thrown [s\src\hotspot\share\interpreter\linkResolver.cpp, line 784]
Event: 100.639 Thread 0x000001b5b90128d0 Exception <a 'java/lang/NoSuchMethodError'{0x0000000094d5a828}: 'java.lang.Object java.lang.invoke.DirectMethodHandle$Holder.invokeStatic(java.lang.Object, java.lang.Object, int, int)'> (0x0000000094d5a828) 
thrown [s\src\hotspot\share\interpreter\linkResolver.cpp, line 784]
Event: 100.640 Thread 0x000001b5b90128d0 Exception <a 'java/lang/NoSuchMethodError'{0x0000000094d610f0}: 'java.lang.Object java.lang.invoke.DirectMethodHandle$Holder.newInvokeSpecial(java.lang.Object, java.lang.Object, int, int)'> (0x0000000094d610f0) 
thrown [s\src\hotspot\share\interpreter\linkResolver.cpp, line 784]
Event: 100.641 Thread 0x000001b5b90128d0 Exception <a 'java/lang/NoSuchMethodError'{0x0000000094d65130}: 'java.lang.Object java.lang.invoke.DirectMethodHandle$Holder.invokeSpecial(java.lang.Object, java.lang.Object, java.lang.Object, int, int)'> (0x0000000094d65130) 
thrown [s\src\hotspot\share\interpreter\linkResolver.cpp, line 784]
Event: 100.641 Thread 0x000001b5b90128d0 Exception <a 'java/lang/NoSuchMethodError'{0x0000000094d68a58}: 'java.lang.Object java.lang.invoke.Invokers$Holder.linkToTargetMethod(java.lang.Object, int, int, java.lang.Object)'> (0x0000000094d68a58) 
thrown [s\src\hotspot\share\interpreter\linkResolver.cpp, line 784]
Event: 100.711 Thread 0x000001b5b90128d0 Exception <a 'java/lang/NoSuchMethodError'{0x0000000094c57640}: 'java.lang.Object java.lang.invoke.DirectMethodHandle$Holder.newInvokeSpecial(java.lang.Object, java.lang.Object, java.lang.Object, java.lang.Object, java.lang.Object, java.lang.Object, java.lang.Object, int)'> (0x0000000094c57640) 
thrown [s\src\hotspot\share\interpreter\linkResolver.cpp, line 784]
Event: 100.711 Thread 0x000001b5b90128d0 Exception <a 'java/lang/NoSuchMethodError'{0x0000000094c5c250}: 'java.lang.Object java.lang.invoke.DirectMethodHandle$Holder.invokeSpecial(java.lang.Object, java.lang.Object, java.lang.Object, java.lang.Object, java.lang.Object, java.lang.Object, java.lang.Object, java.lang.Object, int)'> (0x0000000094c5c250) 
thrown [s\src\hotspot\share\interpreter\linkResolver.cpp, line 784]
Event: 104.629 Thread 0x000001b5b90128d0 Implicit null exception at 0x000001b5c6e733e0 to 0x000001b5c6e75508
Event: 105.807 Thread 0x000001b5b90128d0 Exception <a 'java/lang/NoSuchMethodError'{0x0000000092b40ff8}: 'java.lang.Object java.lang.invoke.DirectMethodHandle$Holder.invokeStatic(java.lang.Object, java.lang.Object, java.lang.Object, int, int)'> (0x0000000092b40ff8) 
thrown [s\src\hotspot\share\interpreter\linkResolver.cpp, line 784]

ZGC Phase Switch (0 events):
No events

VM Operations (20 events):
Event: 101.776 Executing VM operation: ICBufferFull done
Event: 102.656 Executing VM operation: HandshakeAllThreads (Deoptimize)
Event: 102.656 Executing VM operation: HandshakeAllThreads (Deoptimize) done
Event: 102.716 Executing VM operation: HandshakeAllThreads (Deoptimize)
Event: 102.716 Executing VM operation: HandshakeAllThreads (Deoptimize) done
Event: 102.779 Executing VM operation: ICBufferFull
Event: 102.779 Executing VM operation: ICBufferFull done
Event: 103.785 Executing VM operation: Cleanup
Event: 103.802 Executing VM operation: Cleanup done
Event: 104.815 Executing VM operation: Cleanup
Event: 104.831 Executing VM operation: Cleanup done
Event: 105.842 Executing VM operation: Cleanup
Event: 105.857 Executing VM operation: Cleanup done
Event: 106.870 Executing VM operation: Cleanup
Event: 106.918 Executing VM operation: Cleanup done
Event: 107.068 Executing VM operation: G1CollectForAllocation (G1 Evacuation Pause)
Event: 107.166 Executing VM operation: G1CollectForAllocation (G1 Evacuation Pause) done
Event: 108.181 Executing VM operation: Cleanup
Event: 108.213 Executing VM operation: Cleanup done
Event: 108.287 Executing VM operation: G1PauseRemark

Memory protections (0 events):
No events

Nmethod flushes (20 events):
Event: 108.345 Thread 0x000001b5d20a6600 flushing  nmethod 0x000001b5bffa5290
Event: 108.345 Thread 0x000001b5d20a6600 flushing  nmethod 0x000001b5bffce390
Event: 108.345 Thread 0x000001b5d20a6600 flushing  nmethod 0x000001b5bffde290
Event: 108.345 Thread 0x000001b5d20a6600 flushing  nmethod 0x000001b5c0053e10
Event: 108.345 Thread 0x000001b5d20a6600 flushing  nmethod 0x000001b5c0056110
Event: 108.345 Thread 0x000001b5d20a6600 flushing  nmethod 0x000001b5c009bb90
Event: 108.345 Thread 0x000001b5d20a6600 flushing  nmethod 0x000001b5c00a9c10
Event: 108.345 Thread 0x000001b5d20a6600 flushing  nmethod 0x000001b5c00f5b10
Event: 108.345 Thread 0x000001b5d20a6600 flushing  nmethod 0x000001b5c00f6c10
Event: 108.345 Thread 0x000001b5d20a6600 flushing  nmethod 0x000001b5c00f7010
Event: 108.345 Thread 0x000001b5d20a6600 flushing  nmethod 0x000001b5c0153c10
Event: 108.345 Thread 0x000001b5d20a6600 flushing  nmethod 0x000001b5c0154c90
Event: 108.345 Thread 0x000001b5d20a6600 flushing  nmethod 0x000001b5c01bd210
Event: 108.345 Thread 0x000001b5d20a6600 flushing  nmethod 0x000001b5c02e7710
Event: 108.345 Thread 0x000001b5d20a6600 flushing  nmethod 0x000001b5c02e9d90
Event: 108.345 Thread 0x000001b5d20a6600 flushing  nmethod 0x000001b5c02ee990
Event: 108.345 Thread 0x000001b5d20a6600 flushing  nmethod 0x000001b5c036f490
Event: 108.345 Thread 0x000001b5d20a6600 flushing  nmethod 0x000001b5c03daa90
Event: 108.345 Thread 0x000001b5d20a6600 flushing  nmethod 0x000001b5c044f390
Event: 108.345 Thread 0x000001b5d20a6600 flushing  nmethod 0x000001b5c080a310

Events (20 events):
Event: 39.282 Thread 0x000001b5d2270880 Thread added: 0x000001b5da2febc0
Event: 43.679 Thread 0x000001b5da2febc0 Thread exited: 0x000001b5da2febc0
Event: 44.011 Thread 0x000001b5d2270880 Thread added: 0x000001b5da2fd080
Event: 44.769 Thread 0x000001b5da2fd080 Thread exited: 0x000001b5da2fd080
Event: 45.232 Thread 0x000001b5d2270880 Thread added: 0x000001b5da2fd080
Event: 78.242 Thread 0x000001b5da2fd080 Thread exited: 0x000001b5da2fd080
Event: 78.327 Thread 0x000001b5d2270880 Thread added: 0x000001b5da8105f0
Event: 81.040 Thread 0x000001b5da8105f0 Thread exited: 0x000001b5da8105f0
Event: 83.947 Thread 0x000001b5d2270880 Thread added: 0x000001b5da814a10
Event: 84.156 Thread 0x000001b5da814a10 Thread exited: 0x000001b5da814a10
Event: 84.875 Thread 0x000001b5d2270880 Thread added: 0x000001b5da814a10
Event: 85.047 Thread 0x000001b5da814a10 Thread exited: 0x000001b5da814a10
Event: 89.261 Thread 0x000001b5d2270880 Thread added: 0x000001b5da8157b0
Event: 93.744 Thread 0x000001b5da8157b0 Thread exited: 0x000001b5da8157b0
Event: 95.308 Thread 0x000001b5d2270880 Thread added: 0x000001b5da816c20
Event: 100.023 Thread 0x000001b5da816c20 Thread exited: 0x000001b5da816c20
Event: 100.251 Thread 0x000001b5d22850e0 Thread added: 0x000001b5d7dd73b0
Event: 100.611 Thread 0x000001b5d7dd73b0 Thread exited: 0x000001b5d7dd73b0
Event: 101.044 Thread 0x000001b5d2270880 Thread added: 0x000001b5d7dd6610
Event: 107.312 Thread 0x000001b5d7dd6610 Thread exited: 0x000001b5d7dd6610


Dynamic libraries:
0x00007ff7bfa60000 - 0x00007ff7bfa6a000 	C:\Program Files\Android\Android Studio\jbr\bin\java.exe
0x00007ffbf8a80000 - 0x00007ffbf8ce8000 	C:\WINDOWS\SYSTEM32\ntdll.dll
0x00007ffbf6ec0000 - 0x00007ffbf6f89000 	C:\WINDOWS\System32\KERNEL32.DLL
0x00007ffbf60a0000 - 0x00007ffbf6498000 	C:\WINDOWS\System32\KERNELBASE.dll
0x00007ffbf5d50000 - 0x00007ffbf5e9b000 	C:\WINDOWS\System32\ucrtbase.dll
0x00007ffbdd690000 - 0x00007ffbdd6a8000 	C:\Program Files\Android\Android Studio\jbr\bin\jli.dll
0x00007ffbf8200000 - 0x00007ffbf83c7000 	C:\WINDOWS\System32\USER32.dll
0x00007ffbf67f0000 - 0x00007ffbf6817000 	C:\WINDOWS\System32\win32u.dll
0x00007ffbf68c0000 - 0x00007ffbf68eb000 	C:\WINDOWS\System32\GDI32.dll
0x00007ffbf6610000 - 0x00007ffbf673c000 	C:\WINDOWS\System32\gdi32full.dll
0x00007ffbf6740000 - 0x00007ffbf67e3000 	C:\WINDOWS\System32\msvcp_win.dll
0x00007ffbdd360000 - 0x00007ffbdd37b000 	C:\Program Files\Android\Android Studio\jbr\bin\VCRUNTIME140.dll
0x00007ffbe0940000 - 0x00007ffbe0bd4000 	C:\WINDOWS\WinSxS\amd64_microsoft.windows.common-controls_6595b64144ccf1df_6.0.26100.7019_none_3e06ffa0e335b8a8\COMCTL32.dll
0x00007ffbf8150000 - 0x00007ffbf81f9000 	C:\WINDOWS\System32\msvcrt.dll
0x00007ffbf83d0000 - 0x00007ffbf8401000 	C:\WINDOWS\System32\IMM32.DLL
0x00007ffbed500000 - 0x00007ffbed50c000 	C:\Program Files\Android\Android Studio\jbr\bin\vcruntime140_1.dll
0x00007ffbdd1f0000 - 0x00007ffbdd27d000 	C:\Program Files\Android\Android Studio\jbr\bin\msvcp140.dll
0x00007ffb627e0000 - 0x00007ffb6346b000 	C:\Program Files\Android\Android Studio\jbr\bin\server\jvm.dll
0x00007ffbf6cf0000 - 0x00007ffbf6da4000 	C:\WINDOWS\System32\ADVAPI32.dll
0x00007ffbf6a60000 - 0x00007ffbf6b06000 	C:\WINDOWS\System32\sechost.dll
0x00007ffbf6940000 - 0x00007ffbf6a58000 	C:\WINDOWS\System32\RPCRT4.dll
0x00007ffbf6db0000 - 0x00007ffbf6e24000 	C:\WINDOWS\System32\WS2_32.dll
0x00007ffbf5a30000 - 0x00007ffbf5a8e000 	C:\WINDOWS\SYSTEM32\POWRPROF.dll
0x00007ffbd7700000 - 0x00007ffbd7735000 	C:\WINDOWS\SYSTEM32\WINMM.dll
0x00007ffbe1d40000 - 0x00007ffbe1d4b000 	C:\WINDOWS\SYSTEM32\VERSION.dll
0x00007ffbf5a10000 - 0x00007ffbf5a24000 	C:\WINDOWS\SYSTEM32\UMPDC.dll
0x00007ffbf4990000 - 0x00007ffbf49ab000 	C:\WINDOWS\SYSTEM32\kernel.appcore.dll
0x00007ffbe6ad0000 - 0x00007ffbe6ada000 	C:\Program Files\Android\Android Studio\jbr\bin\jimage.dll
0x00007ffbf3250000 - 0x00007ffbf3492000 	C:\WINDOWS\SYSTEM32\DBGHELP.DLL
0x00007ffbf7100000 - 0x00007ffbf748b000 	C:\WINDOWS\System32\combase.dll
0x00007ffbf7570000 - 0x00007ffbf7647000 	C:\WINDOWS\System32\OLEAUT32.dll
0x00007ffbc8f70000 - 0x00007ffbc8fac000 	C:\WINDOWS\SYSTEM32\dbgcore.DLL
0x00007ffbf64a0000 - 0x00007ffbf6545000 	C:\WINDOWS\System32\bcryptPrimitives.dll
0x00007ffbdd020000 - 0x00007ffbdd040000 	C:\Program Files\Android\Android Studio\jbr\bin\java.dll
0x00007ffbdd000000 - 0x00007ffbdd018000 	C:\Program Files\Android\Android Studio\jbr\bin\zip.dll
0x00007ffbf79e0000 - 0x00007ffbf812f000 	C:\WINDOWS\System32\SHELL32.dll
0x00007ffbf5ea0000 - 0x00007ffbf600b000 	C:\WINDOWS\System32\wintypes.dll
0x00007ffbf3810000 - 0x00007ffbf406d000 	C:\WINDOWS\SYSTEM32\windows.storage.dll
0x00007ffbf78e0000 - 0x00007ffbf79d2000 	C:\WINDOWS\System32\SHCORE.dll
0x00007ffbf7870000 - 0x00007ffbf78d7000 	C:\WINDOWS\System32\shlwapi.dll
0x00007ffbf5af0000 - 0x00007ffbf5b19000 	C:\WINDOWS\SYSTEM32\profapi.dll
0x00007ffbe0690000 - 0x00007ffbe06a0000 	C:\Program Files\Android\Android Studio\jbr\bin\net.dll
0x00007ffbe66f0000 - 0x00007ffbe6818000 	C:\WINDOWS\SYSTEM32\WINHTTP.dll
0x00007ffbf4f00000 - 0x00007ffbf4f6b000 	C:\WINDOWS\system32\mswsock.dll
0x00007ffbdce90000 - 0x00007ffbdcea6000 	C:\Program Files\Android\Android Studio\jbr\bin\nio.dll
0x00007ffbed5d0000 - 0x00007ffbed5e0000 	C:\Program Files\Android\Android Studio\jbr\bin\verify.dll

dbghelp: loaded successfully - version: 4.0.5 - missing functions: none
symbol engine: initialized successfully - sym options: 0x614 - pdb path: .;C:\Program Files\Android\Android Studio\jbr\bin;C:\WINDOWS\SYSTEM32;C:\WINDOWS\WinSxS\amd64_microsoft.windows.common-controls_6595b64144ccf1df_6.0.26100.7019_none_3e06ffa0e335b8a8;C:\Program Files\Android\Android Studio\jbr\bin\server

VM Arguments:
java_command: org.jetbrains.kotlin.cli.jvm.K2JVMCompiler @C:\Users\past9\OneDrive\Desktop\project\FFF\MemGallery\app\build\20260104_8666051640876712479.compiler.options
java_class_path (initial): C:\Users\past9\.gradle\caches\modules-2\files-2.1\org.jetbrains.kotlin\kotlin-compiler-embeddable\2.0.21\79346ed53db48b18312a472602eb5c057070c54d\kotlin-compiler-embeddable-2.0.21.jar;C:\Users\past9\.gradle\caches\modules-2\files-2.1\org.jetbrains.kotlin\kotlin-stdlib\2.0.21\618b539767b4899b4660a83006e052b63f1db551\kotlin-stdlib-2.0.21.jar;C:\Users\past9\.gradle\caches\modules-2\files-2.1\org.jetbrains.kotlin\kotlin-script-runtime\2.0.21\c9b044380ad41f89aa89aa896c2d32a8c0b2129d\kotlin-script-runtime-2.0.21.jar;C:\Users\past9\.gradle\caches\modules-2\files-2.1\org.jetbrains.kotlin\kotlin-reflect\1.6.10\1cbe9c92c12a94eea200d23c2bbaedaf3daf5132\kotlin-reflect-1.6.10.jar;C:\Users\past9\.gradle\caches\modules-2\files-2.1\org.jetbrains.kotlin\kotlin-daemon-embeddable\2.0.21\c9e933b23287de9b5a17e2116b4657bb91aea72c\kotlin-daemon-embeddable-2.0.21.jar;C:\Users\past9\.gradle\caches\modules-2\files-2.1\org.jetbrains.intellij.deps\trove4j\1.0.20200330\3afb14d5f9ceb459d724e907a21145e8ff394f02\trove4j-1.0.20200330.jar;C:\Users\past9\.gradle\caches\modules-2\files-2.1\org.jetbrains.kotlinx\kotlinx-coroutines-core-jvm\1.6.4\2c997cd1c0ef33f3e751d3831929aeff1390cb30\kotlinx-coroutines-core-jvm-1.6.4.jar;C:\Users\past9\.gradle\caches\modules-2\files-2.1\org.jetbrains\annotations\13.0\919f0dfe192fb4e063e7dacadee7f8bb9a2672a9\annotations-13.0.jar
Launcher Type: SUN_STANDARD

[Global flags]
     intx CICompilerCount                          = 3                                         {product} {ergonomic}
     uint ConcGCThreads                            = 1                                         {product} {ergonomic}
     uint G1ConcRefinementThreads                  = 4                                         {product} {ergonomic}
   size_t G1HeapRegionSize                         = 1048576                                   {product} {ergonomic}
    uintx GCDrainStackTargetSize                   = 64                                        {product} {ergonomic}
   size_t InitialHeapSize                          = 132120576                                 {product} {ergonomic}
   size_t MarkStackSize                            = 4194304                                   {product} {ergonomic}
   size_t MaxHeapSize                              = 2109734912                                {product} {ergonomic}
   size_t MaxNewSize                               = 1265631232                                {product} {ergonomic}
   size_t MinHeapDeltaBytes                        = 1048576                                   {product} {ergonomic}
   size_t MinHeapSize                              = 8388608                                   {product} {ergonomic}
    uintx NonNMethodCodeHeapSize                   = 5832780                                {pd product} {ergonomic}
    uintx NonProfiledCodeHeapSize                  = 122912730                              {pd product} {ergonomic}
    uintx ProfiledCodeHeapSize                     = 122912730                              {pd product} {ergonomic}
    uintx ReservedCodeCacheSize                    = 251658240                              {pd product} {ergonomic}
     bool SegmentedCodeCache                       = true                                      {product} {ergonomic}
   size_t SoftMaxHeapSize                          = 2109734912                             {manageable} {ergonomic}
     bool UseCompressedOops                        = true                           {product lp64_product} {ergonomic}
     bool UseG1GC                                  = true                                      {product} {ergonomic}
     bool UseLargePagesIndividualAllocation        = false                                  {pd product} {ergonomic}

Logging:
Log output configuration:
 #0: stdout all=warning uptime,level,tags foldmultilines=false
 #1: stderr all=off uptime,level,tags foldmultilines=false

Environment Variables:
JAVA_HOME=C:\Program Files\Android\Android Studio\jbr
CLASSPATH=C:\Users\past9\OneDrive\Desktop\project\FFF\MemGallery\\gradle\wrapper\gradle-wrapper.jar
PATH=C:\WINDOWS\system32;C:\WINDOWS;C:\WINDOWS\System32\Wbem;C:\WINDOWS\System32\WindowsPowerShell\v1.0\;C:\WINDOWS\System32\OpenSSH\;C:\Program Files\dotnet\;C:\Program Files\nodejs\;C:\Program Files\Git\cmd;C:\Users\past9\.cargo\bin;C:\Users\past9\AppData\Local\Programs\Python\Launcher\;C:\Users\past9\AppData\Local\Microsoft\WindowsApps;C:\Users\past9\AppData\Roaming\npm;C:\Users\past9\AppData\Local\Programs\Microsoft VS Code\bin;C:\Users\past9\AppData\Local\Programs\Python\Python313\;C:\Users\past9\AppData\Local\Programs\Python\Python313\Scripts\;C:\Program Files\Android\Android Studio\jbr\bin;C:\Program Files\GitHub CLI\;C:\Users\past9\AppData\Local\Programs\Python\Launcher\;C:\Users\past9\AppData\Local\Microsoft\WindowsApps;C:\Users\past9\AppData\Roaming\npm;C:\Users\past9\AppData\Local\Programs\Python\Python313\;C:\Users\past9\AppData\Local\Programs\Python\Python313\Scripts\;C:\Users\past9\AppData\Local\Programs\MiKTeX\miktex\bin\x64\;C:\Users\past9\AppData\Local\Programs\Antigravity\bin
USERNAME=past9
OS=Windows_NT
PROCESSOR_IDENTIFIER=Intel64 Family 6 Model 142 Stepping 12, GenuineIntel
TMP=C:\Users\past9\AppData\Local\Temp
TEMP=C:\Users\past9\AppData\Local\Temp




Periodic native trim disabled

JNI global refs:
JNI global refs: 9, weak refs: 0

JNI global refs memory usage: 835, weak refs: 201

Process memory usage:
Resident Set Size: 649532K (7% of 8236320K total physical memory with 579092K free physical memory)

OOME stack traces (most recent first):
Classloader memory used:
Loader jdk.internal.loader.ClassLoaders$AppClassLoader                                 : 65114K
Loader bootstrap                                                                       : 11321K
Loader java.net.URLClassLoader                                                         : 349K

---------------  S Y S T E M  ---------------

OS:
 Windows 11 , 64 bit Build 26100 (10.0.26100.7019)
OS uptime: 3 days 22:19 hours

CPU: total 4 (initial active 4) (2 cores per cpu, 2 threads per core) family 6 model 142 stepping 12 microcode 0xde, cx8, cmov, fxsr, ht, mmx, 3dnowpref, sse, sse2, sse3, ssse3, sse4.1, sse4.2, popcnt, lzcnt, tsc, tscinvbit, avx, avx2, aes, erms, clmul, bmi1, bmi2, adx, fma, vzeroupper, clflush, clflushopt, rdtscp, f16c
Processor Information for the first 4 processors :
  Max Mhz: 2304, Current Mhz: 1502, Mhz Limit: 2096

Memory: 4k page, system-wide physical 8043M (565M free)
TotalPageFile size 19151M (AvailPageFile size 31M)
current process WorkingSet (physical memory assigned to process): 634M, peak: 639M
current process commit charge ("private bytes"): 659M, peak: 705M

vm_info: OpenJDK 64-Bit Server VM (21.0.6+-13391695-b895.109) for windows-amd64 JRE (21.0.6+-13391695-b895.109), built on 2025-04-22T21:19:17Z by "builder" with MS VC++ 16.10 / 16.11 (VS2019)

END.
